
*** Running vivado
    with args -log basys3.vds -m64 -product Vivado -mode batch -messageDb vivado.pb -notrace -source basys3.tcl


****** Vivado v2017.4 (64-bit)
  **** SW Build 2086221 on Fri Dec 15 20:55:39 MST 2017
  **** IP Build 2085800 on Fri Dec 15 22:25:07 MST 2017
    ** Copyright 1986-2017 Xilinx, Inc. All Rights Reserved.

source basys3.tcl -notrace
Command: synth_design -top basys3 -part xc7a35tcpg236-1
Starting synth_design
Attempting to get a license for feature 'Synthesis' and/or device 'xc7a35t'
INFO: [Common 17-349] Got license for feature 'Synthesis' and/or device 'xc7a35t'
INFO: Launching helper process for spawning children vivado processes
INFO: Helper process launched with PID 31592 
---------------------------------------------------------------------------------
Starting RTL Elaboration : Time (s): cpu = 00:00:01 ; elapsed = 00:00:03 . Memory (MB): peak = 344.414 ; gain = 101.160
---------------------------------------------------------------------------------
INFO: [Synth 8-638] synthesizing module 'basys3' [D:/college/Computer_Lab/Multi_CPU/CPU_basys3/CPU_basys3/CPU_basys3.srcs/sources_1/new/CPU_basys3.v:2]
INFO: [Synth 8-638] synthesizing module 'button_debounce' [D:/college/Computer_Lab/Multi_CPU/CPU_basys3/CPU_basys3/CPU_basys3.srcs/sources_1/new/button_debounce.v:2]
	Parameter MAX bound to: 5000 - type: integer 
INFO: [Synth 8-256] done synthesizing module 'button_debounce' (1#1) [D:/college/Computer_Lab/Multi_CPU/CPU_basys3/CPU_basys3/CPU_basys3.srcs/sources_1/new/button_debounce.v:2]
INFO: [Synth 8-638] synthesizing module 'CPU' [D:/college/Computer_Lab/Multi_CPU/CPU_basys3/CPU_basys3/CPU_basys3.srcs/sources_1/new/CPU.v:2]
INFO: [Synth 8-638] synthesizing module 'Tem_Reg' [D:/college/Computer_Lab/Multi_CPU/CPU_basys3/CPU_basys3/CPU_basys3.srcs/sources_1/new/Tem_Reg.v:2]
INFO: [Synth 8-256] done synthesizing module 'Tem_Reg' (2#1) [D:/college/Computer_Lab/Multi_CPU/CPU_basys3/CPU_basys3/CPU_basys3.srcs/sources_1/new/Tem_Reg.v:2]
INFO: [Synth 8-638] synthesizing module 'Mul_2_32' [D:/college/Computer_Lab/Multi_CPU/CPU_basys3/CPU_basys3/CPU_basys3.srcs/sources_1/new/Mul_2_32.v:2]
INFO: [Synth 8-256] done synthesizing module 'Mul_2_32' (3#1) [D:/college/Computer_Lab/Multi_CPU/CPU_basys3/CPU_basys3/CPU_basys3.srcs/sources_1/new/Mul_2_32.v:2]
INFO: [Synth 8-638] synthesizing module 'Mul_3_5' [D:/college/Computer_Lab/Multi_CPU/CPU_basys3/CPU_basys3/CPU_basys3.srcs/sources_1/new/Mul_3_5.v:2]
INFO: [Synth 8-256] done synthesizing module 'Mul_3_5' (4#1) [D:/college/Computer_Lab/Multi_CPU/CPU_basys3/CPU_basys3/CPU_basys3.srcs/sources_1/new/Mul_3_5.v:2]
INFO: [Synth 8-638] synthesizing module 'Ext_16_to_32' [D:/college/Computer_Lab/Multi_CPU/CPU_basys3/CPU_basys3/CPU_basys3.srcs/sources_1/new/Ext_16_to_32.v:2]
INFO: [Synth 8-256] done synthesizing module 'Ext_16_to_32' (5#1) [D:/college/Computer_Lab/Multi_CPU/CPU_basys3/CPU_basys3/CPU_basys3.srcs/sources_1/new/Ext_16_to_32.v:2]
INFO: [Synth 8-638] synthesizing module 'Mux_4_32' [D:/college/Computer_Lab/Multi_CPU/CPU_basys3/CPU_basys3/CPU_basys3.srcs/sources_1/new/Mux_4_32.v:2]
INFO: [Synth 8-256] done synthesizing module 'Mux_4_32' (6#1) [D:/college/Computer_Lab/Multi_CPU/CPU_basys3/CPU_basys3/CPU_basys3.srcs/sources_1/new/Mux_4_32.v:2]
INFO: [Synth 8-638] synthesizing module 'ALU' [D:/college/Computer_Lab/Multi_CPU/CPU_basys3/CPU_basys3/CPU_basys3.srcs/sources_1/new/ALU.v:2]
INFO: [Synth 8-256] done synthesizing module 'ALU' (7#1) [D:/college/Computer_Lab/Multi_CPU/CPU_basys3/CPU_basys3/CPU_basys3.srcs/sources_1/new/ALU.v:2]
INFO: [Synth 8-638] synthesizing module 'Ins_Mem' [D:/college/Computer_Lab/Multi_CPU/CPU_basys3/CPU_basys3/CPU_basys3.srcs/sources_1/new/Ins_Mem.v:2]
INFO: [Synth 8-3876] $readmem data file 'D:/college/Computer_Lab/Multi_CPU/input.txt' is read successfully [D:/college/Computer_Lab/Multi_CPU/CPU_basys3/CPU_basys3/CPU_basys3.srcs/sources_1/new/Ins_Mem.v:9]
INFO: [Synth 8-256] done synthesizing module 'Ins_Mem' (8#1) [D:/college/Computer_Lab/Multi_CPU/CPU_basys3/CPU_basys3/CPU_basys3.srcs/sources_1/new/Ins_Mem.v:2]
INFO: [Synth 8-638] synthesizing module 'PC' [D:/college/Computer_Lab/Multi_CPU/CPU_basys3/CPU_basys3/CPU_basys3.srcs/sources_1/new/PC.v:2]
INFO: [Synth 8-256] done synthesizing module 'PC' (9#1) [D:/college/Computer_Lab/Multi_CPU/CPU_basys3/CPU_basys3/CPU_basys3.srcs/sources_1/new/PC.v:2]
INFO: [Synth 8-638] synthesizing module 'Data_mem' [D:/college/Computer_Lab/Multi_CPU/CPU_basys3/CPU_basys3/CPU_basys3.srcs/sources_1/new/Data_Mem.v:2]
WARNING: [Synth 8-4767] Trying to implement RAM 'Mem_reg' in registers. Block RAM or DRAM implementation is not possible; see log for reasons.
Reason is one or more of the following :
	1: RAM has multiple writes via different ports in same process. If RAM inferencing intended, write to one port per process. 
	2: Unable to determine number of words or word size in RAM. 
	3: No valid read/write found for RAM. 
RAM "Mem_reg" dissolved into registers
INFO: [Synth 8-256] done synthesizing module 'Data_mem' (10#1) [D:/college/Computer_Lab/Multi_CPU/CPU_basys3/CPU_basys3/CPU_basys3.srcs/sources_1/new/Data_Mem.v:2]
INFO: [Synth 8-638] synthesizing module 'Reg_file' [D:/college/Computer_Lab/Multi_CPU/CPU_basys3/CPU_basys3/CPU_basys3.srcs/sources_1/new/Reg_file.v:2]
INFO: [Synth 8-256] done synthesizing module 'Reg_file' (11#1) [D:/college/Computer_Lab/Multi_CPU/CPU_basys3/CPU_basys3/CPU_basys3.srcs/sources_1/new/Reg_file.v:2]
INFO: [Synth 8-638] synthesizing module 'Control' [D:/college/Computer_Lab/Multi_CPU/CPU_basys3/CPU_basys3/CPU_basys3.srcs/sources_1/new/Control.v:2]
	Parameter R bound to: 6'b000000 
	Parameter add bound to: 6'b100000 
	Parameter sub bound to: 6'b100010 
	Parameter And bound to: 6'b100100 
	Parameter Or bound to: 6'b100101 
	Parameter sll bound to: 6'b000000 
	Parameter slt bound to: 6'b101010 
	Parameter jr bound to: 6'b001000 
	Parameter xori bound to: 6'b001110 
	Parameter addiu bound to: 6'b001001 
	Parameter andi bound to: 6'b001100 
	Parameter ori bound to: 6'b001101 
	Parameter slti bound to: 6'b001010 
	Parameter sw bound to: 6'b101011 
	Parameter lw bound to: 6'b100011 
	Parameter j bound to: 6'b000010 
	Parameter jal bound to: 6'b000011 
	Parameter halt bound to: 6'b111111 
	Parameter beq bound to: 6'b000100 
	Parameter bne bound to: 6'b000101 
	Parameter blez bound to: 6'b000110 
	Parameter bltz bound to: 6'b000001 
INFO: [Synth 8-256] done synthesizing module 'Control' (12#1) [D:/college/Computer_Lab/Multi_CPU/CPU_basys3/CPU_basys3/CPU_basys3.srcs/sources_1/new/Control.v:2]
INFO: [Synth 8-256] done synthesizing module 'CPU' (13#1) [D:/college/Computer_Lab/Multi_CPU/CPU_basys3/CPU_basys3/CPU_basys3.srcs/sources_1/new/CPU.v:2]
INFO: [Synth 8-638] synthesizing module 'display_7seg' [D:/college/Computer_Lab/Multi_CPU/CPU_basys3/CPU_basys3/CPU_basys3.srcs/sources_1/new/display_7seg.v:2]
INFO: [Synth 8-226] default block is never used [D:/college/Computer_Lab/Multi_CPU/CPU_basys3/CPU_basys3/CPU_basys3.srcs/sources_1/new/display_7seg.v:7]
INFO: [Synth 8-256] done synthesizing module 'display_7seg' (14#1) [D:/college/Computer_Lab/Multi_CPU/CPU_basys3/CPU_basys3/CPU_basys3.srcs/sources_1/new/display_7seg.v:2]
INFO: [Synth 8-638] synthesizing module 'frequency_divider' [D:/college/Computer_Lab/Multi_CPU/CPU_basys3/CPU_basys3/CPU_basys3.srcs/sources_1/new/frequency_divider.v:2]
	Parameter T1MS bound to: 100000 - type: integer 
INFO: [Synth 8-155] case statement is not full and has no default [D:/college/Computer_Lab/Multi_CPU/CPU_basys3/CPU_basys3/CPU_basys3.srcs/sources_1/new/frequency_divider.v:16]
INFO: [Synth 8-256] done synthesizing module 'frequency_divider' (15#1) [D:/college/Computer_Lab/Multi_CPU/CPU_basys3/CPU_basys3/CPU_basys3.srcs/sources_1/new/frequency_divider.v:2]
INFO: [Synth 8-155] case statement is not full and has no default [D:/college/Computer_Lab/Multi_CPU/CPU_basys3/CPU_basys3/CPU_basys3.srcs/sources_1/new/CPU_basys3.v:36]
WARNING: [Synth 8-567] referenced signal 'AN' should be on the sensitivity list [D:/college/Computer_Lab/Multi_CPU/CPU_basys3/CPU_basys3/CPU_basys3.srcs/sources_1/new/CPU_basys3.v:35]
WARNING: [Synth 8-567] referenced signal 'SW' should be on the sensitivity list [D:/college/Computer_Lab/Multi_CPU/CPU_basys3/CPU_basys3/CPU_basys3.srcs/sources_1/new/CPU_basys3.v:35]
WARNING: [Synth 8-567] referenced signal 'newaddress' should be on the sensitivity list [D:/college/Computer_Lab/Multi_CPU/CPU_basys3/CPU_basys3/CPU_basys3.srcs/sources_1/new/CPU_basys3.v:35]
WARNING: [Synth 8-567] referenced signal 'Daout' should be on the sensitivity list [D:/college/Computer_Lab/Multi_CPU/CPU_basys3/CPU_basys3/CPU_basys3.srcs/sources_1/new/CPU_basys3.v:35]
WARNING: [Synth 8-567] referenced signal 'Dbout' should be on the sensitivity list [D:/college/Computer_Lab/Multi_CPU/CPU_basys3/CPU_basys3/CPU_basys3.srcs/sources_1/new/CPU_basys3.v:35]
WARNING: [Synth 8-567] referenced signal 'W_data' should be on the sensitivity list [D:/college/Computer_Lab/Multi_CPU/CPU_basys3/CPU_basys3/CPU_basys3.srcs/sources_1/new/CPU_basys3.v:35]
WARNING: [Synth 8-567] referenced signal 'state' should be on the sensitivity list [D:/college/Computer_Lab/Multi_CPU/CPU_basys3/CPU_basys3/CPU_basys3.srcs/sources_1/new/CPU_basys3.v:35]
WARNING: [Synth 8-567] referenced signal 'PC' should be on the sensitivity list [D:/college/Computer_Lab/Multi_CPU/CPU_basys3/CPU_basys3/CPU_basys3.srcs/sources_1/new/CPU_basys3.v:35]
WARNING: [Synth 8-567] referenced signal 'Instruction' should be on the sensitivity list [D:/college/Computer_Lab/Multi_CPU/CPU_basys3/CPU_basys3/CPU_basys3.srcs/sources_1/new/CPU_basys3.v:35]
WARNING: [Synth 8-567] referenced signal 'ALUDout' should be on the sensitivity list [D:/college/Computer_Lab/Multi_CPU/CPU_basys3/CPU_basys3/CPU_basys3.srcs/sources_1/new/CPU_basys3.v:35]
INFO: [Synth 8-256] done synthesizing module 'basys3' (16#1) [D:/college/Computer_Lab/Multi_CPU/CPU_basys3/CPU_basys3/CPU_basys3.srcs/sources_1/new/CPU_basys3.v:2]
---------------------------------------------------------------------------------
Finished RTL Elaboration : Time (s): cpu = 00:00:01 ; elapsed = 00:00:04 . Memory (MB): peak = 439.863 ; gain = 196.609
---------------------------------------------------------------------------------

Report Check Netlist: 
+------+------------------+-------+---------+-------+------------------+
|      |Item              |Errors |Warnings |Status |Description       |
+------+------------------+-------+---------+-------+------------------+
|1     |multi_driven_nets |      0|        0|Passed |Multi driven nets |
+------+------------------+-------+---------+-------+------------------+
---------------------------------------------------------------------------------
Finished RTL Optimization Phase 1 : Time (s): cpu = 00:00:02 ; elapsed = 00:00:04 . Memory (MB): peak = 439.863 ; gain = 196.609
---------------------------------------------------------------------------------
INFO: [Device 21-403] Loading part xc7a35tcpg236-1
INFO: [Project 1-570] Preparing netlist for logic optimization

Processing XDC Constraints
Initializing timing engine
Parsing XDC File [D:/college/Computer_Lab/Multi_CPU/CPU_basys3/CPU_basys3/CPU_basys3.srcs/constrs_1/new/constrants.xdc]
Finished Parsing XDC File [D:/college/Computer_Lab/Multi_CPU/CPU_basys3/CPU_basys3/CPU_basys3.srcs/constrs_1/new/constrants.xdc]
INFO: [Project 1-236] Implementation specific constraints were found while reading constraint file [D:/college/Computer_Lab/Multi_CPU/CPU_basys3/CPU_basys3/CPU_basys3.srcs/constrs_1/new/constrants.xdc]. These constraints will be ignored for synthesis but will be used in implementation. Impacted constraints are listed in the file [.Xil/basys3_propImpl.xdc].
Resolution: To avoid this warning, move constraints listed in [.Xil/basys3_propImpl.xdc] to another XDC file and exclude this new file from synthesis with the used_in_synthesis property (File Properties dialog in GUI) and re-run elaboration/synthesis.
Completed Processing XDC Constraints

INFO: [Project 1-111] Unisim Transformation Summary:
No Unisim elements were transformed.

Constraint Validation Runtime : Time (s): cpu = 00:00:00 ; elapsed = 00:00:00.002 . Memory (MB): peak = 771.531 ; gain = 0.000
---------------------------------------------------------------------------------
Finished Constraint Validation : Time (s): cpu = 00:00:05 ; elapsed = 00:00:12 . Memory (MB): peak = 771.531 ; gain = 528.277
---------------------------------------------------------------------------------
---------------------------------------------------------------------------------
Start Loading Part and Timing Information
---------------------------------------------------------------------------------
Loading part: xc7a35tcpg236-1
---------------------------------------------------------------------------------
Finished Loading Part and Timing Information : Time (s): cpu = 00:00:05 ; elapsed = 00:00:12 . Memory (MB): peak = 771.531 ; gain = 528.277
---------------------------------------------------------------------------------
---------------------------------------------------------------------------------
Start Applying 'set_property' XDC Constraints
---------------------------------------------------------------------------------
---------------------------------------------------------------------------------
Finished applying 'set_property' XDC Constraints : Time (s): cpu = 00:00:05 ; elapsed = 00:00:12 . Memory (MB): peak = 771.531 ; gain = 528.277
---------------------------------------------------------------------------------
INFO: [Synth 8-5546] ROM "count_out" won't be mapped to RAM because it is too sparse
INFO: [Synth 8-5546] ROM "count_out" won't be mapped to RAM because it is too sparse
WARNING: [Synth 8-6014] Unused sequential element count_low_reg was removed.  [D:/college/Computer_Lab/Multi_CPU/CPU_basys3/CPU_basys3/CPU_basys3.srcs/sources_1/new/button_debounce.v:12]
WARNING: [Synth 8-6014] Unused sequential element count_high_reg was removed.  [D:/college/Computer_Lab/Multi_CPU/CPU_basys3/CPU_basys3/CPU_basys3.srcs/sources_1/new/button_debounce.v:13]
INFO: [Synth 8-802] inferred FSM for state register 'state_reg' in module 'Control'
INFO: [Synth 8-5546] ROM "ALUOP5" won't be mapped to RAM because it is too sparse
INFO: [Synth 8-5546] ROM "Wd" won't be mapped to RAM because it is too sparse
INFO: [Synth 8-5544] ROM "state0" won't be mapped to Block RAM because address size (1) smaller than threshold (5)
INFO: [Synth 8-5546] ROM "state0" won't be mapped to RAM because it is too sparse
INFO: [Synth 8-5544] ROM "state2" won't be mapped to Block RAM because address size (1) smaller than threshold (5)
INFO: [Synth 8-802] inferred FSM for state register 'AN_reg' in module 'frequency_divider'
INFO: [Synth 8-5544] ROM "AN" won't be mapped to Block RAM because address size (4) smaller than threshold (5)
INFO: [Synth 8-5544] ROM "data" won't be mapped to Block RAM because address size (4) smaller than threshold (5)
WARNING: [Synth 8-327] inferring latch for variable 'Ins_reg' [D:/college/Computer_Lab/Multi_CPU/CPU_basys3/CPU_basys3/CPU_basys3.srcs/sources_1/new/Ins_Mem.v:13]
WARNING: [Synth 8-327] inferring latch for variable 'R_data_reg' [D:/college/Computer_Lab/Multi_CPU/CPU_basys3/CPU_basys3/CPU_basys3.srcs/sources_1/new/Data_Mem.v:26]
---------------------------------------------------------------------------------------------------
                   State |                     New Encoding |                Previous Encoding 
---------------------------------------------------------------------------------------------------
                  iSTATE |                              000 |                              000
                 iSTATE0 |                              001 |                              001
                 iSTATE4 |                              010 |                              101
                 iSTATE1 |                              011 |                              010
                 iSTATE2 |                              101 |                              011
                 iSTATE3 |                              110 |                              100
                 iSTATE5 |                              100 |                              110
                 iSTATE6 |                              111 |                              111
---------------------------------------------------------------------------------------------------
INFO: [Synth 8-3354] encoded FSM with state register 'state_reg' using encoding 'sequential' in module 'Control'
---------------------------------------------------------------------------------------------------
                   State |                     New Encoding |                Previous Encoding 
---------------------------------------------------------------------------------------------------
                  iSTATE |                             0001 |                             0111
                 iSTATE0 |                             0010 |                             1110
                 iSTATE1 |                             0100 |                             1101
                 iSTATE2 |                             1000 |                             1011
---------------------------------------------------------------------------------------------------
INFO: [Synth 8-3354] encoded FSM with state register 'AN_reg' using encoding 'one-hot' in module 'frequency_divider'
WARNING: [Synth 8-327] inferring latch for variable 'data_reg' [D:/college/Computer_Lab/Multi_CPU/CPU_basys3/CPU_basys3/CPU_basys3.srcs/sources_1/new/CPU_basys3.v:33]
---------------------------------------------------------------------------------
Finished RTL Optimization Phase 2 : Time (s): cpu = 00:00:07 ; elapsed = 00:00:16 . Memory (MB): peak = 771.531 ; gain = 528.277
---------------------------------------------------------------------------------

Report RTL Partitions: 
+-+--------------+------------+----------+
| |RTL Partition |Replication |Instances |
+-+--------------+------------+----------+
+-+--------------+------------+----------+
---------------------------------------------------------------------------------
Start RTL Component Statistics 
---------------------------------------------------------------------------------
Detailed RTL Component Info : 
+---Adders : 
	   2 Input     32 Bit       Adders := 3     
	   3 Input     32 Bit       Adders := 1     
	   2 Input     22 Bit       Adders := 1     
	   2 Input      7 Bit       Adders := 3     
+---XORs : 
	   2 Input     32 Bit         XORs := 1     
+---Registers : 
	               32 Bit    Registers := 6     
	               22 Bit    Registers := 1     
	                1 Bit    Registers := 1     
+---Muxes : 
	   2 Input     32 Bit        Muxes := 5     
	   4 Input     32 Bit        Muxes := 1     
	   2 Input     22 Bit        Muxes := 1     
	   4 Input      8 Bit        Muxes := 144   
	   2 Input      8 Bit        Muxes := 252   
	   2 Input      5 Bit        Muxes := 2     
	   4 Input      4 Bit        Muxes := 1     
	   5 Input      4 Bit        Muxes := 1     
	   8 Input      3 Bit        Muxes := 2     
	  13 Input      3 Bit        Muxes := 1     
	   4 Input      2 Bit        Muxes := 16    
	   2 Input      2 Bit        Muxes := 3     
	   3 Input      2 Bit        Muxes := 1     
	   2 Input      1 Bit        Muxes := 259   
	   5 Input      1 Bit        Muxes := 193   
	   4 Input      1 Bit        Muxes := 66    
---------------------------------------------------------------------------------
Finished RTL Component Statistics 
---------------------------------------------------------------------------------
---------------------------------------------------------------------------------
Start RTL Hierarchical Component Statistics 
---------------------------------------------------------------------------------
Hierarchical RTL Component report 
Module basys3 
Detailed RTL Component Info : 
+---Muxes : 
	   5 Input      4 Bit        Muxes := 1     
	   5 Input      1 Bit        Muxes := 1     
Module button_debounce 
Detailed RTL Component Info : 
+---Registers : 
	                1 Bit    Registers := 1     
+---Muxes : 
	   2 Input      1 Bit        Muxes := 2     
Module Tem_Reg 
Detailed RTL Component Info : 
+---Registers : 
	               32 Bit    Registers := 1     
Module Mul_2_32 
Detailed RTL Component Info : 
+---Muxes : 
	   2 Input     32 Bit        Muxes := 1     
Module Mul_3_5 
Detailed RTL Component Info : 
+---Muxes : 
	   2 Input      5 Bit        Muxes := 2     
Module Ext_16_to_32 
Detailed RTL Component Info : 
+---Muxes : 
	   2 Input     32 Bit        Muxes := 1     
Module Mux_4_32 
Detailed RTL Component Info : 
+---Muxes : 
	   4 Input     32 Bit        Muxes := 1     
Module ALU 
Detailed RTL Component Info : 
+---Adders : 
	   2 Input     32 Bit       Adders := 1     
	   3 Input     32 Bit       Adders := 1     
+---XORs : 
	   2 Input     32 Bit         XORs := 1     
+---Muxes : 
	   2 Input      1 Bit        Muxes := 2     
Module Ins_Mem 
Detailed RTL Component Info : 
+---Adders : 
	   2 Input      7 Bit       Adders := 3     
Module PC 
Detailed RTL Component Info : 
+---Registers : 
	               32 Bit    Registers := 1     
Module Data_mem 
Detailed RTL Component Info : 
+---Muxes : 
	   4 Input      8 Bit        Muxes := 144   
	   2 Input      8 Bit        Muxes := 252   
	   4 Input      2 Bit        Muxes := 16    
	   5 Input      1 Bit        Muxes := 192   
	   2 Input      1 Bit        Muxes := 250   
	   4 Input      1 Bit        Muxes := 64    
Module Control 
Detailed RTL Component Info : 
+---Muxes : 
	   8 Input      3 Bit        Muxes := 2     
	  13 Input      3 Bit        Muxes := 1     
	   2 Input      2 Bit        Muxes := 3     
	   3 Input      2 Bit        Muxes := 1     
	   4 Input      1 Bit        Muxes := 1     
	   2 Input      1 Bit        Muxes := 4     
Module CPU 
Detailed RTL Component Info : 
+---Adders : 
	   2 Input     32 Bit       Adders := 2     
Module frequency_divider 
Detailed RTL Component Info : 
+---Adders : 
	   2 Input     22 Bit       Adders := 1     
+---Registers : 
	               22 Bit    Registers := 1     
+---Muxes : 
	   2 Input     22 Bit        Muxes := 1     
	   4 Input      4 Bit        Muxes := 1     
	   2 Input      1 Bit        Muxes := 1     
	   4 Input      1 Bit        Muxes := 1     
---------------------------------------------------------------------------------
Finished RTL Hierarchical Component Statistics
---------------------------------------------------------------------------------
---------------------------------------------------------------------------------
Start Part Resource Summary
---------------------------------------------------------------------------------
Part Resources:
DSPs: 90 (col length:60)
BRAMs: 100 (col length: RAMB18 60 RAMB36 30)
---------------------------------------------------------------------------------
Finished Part Resource Summary
---------------------------------------------------------------------------------
---------------------------------------------------------------------------------
Start Cross Boundary and Area Optimization
---------------------------------------------------------------------------------
INFO: [Synth 8-5546] ROM "p_0_out" won't be mapped to RAM because it is too sparse
INFO: [Synth 8-5546] ROM "p_0_out" won't be mapped to RAM because it is too sparse
INFO: [Synth 8-5546] ROM "p_0_out" won't be mapped to RAM because it is too sparse
INFO: [Synth 8-5546] ROM "p_0_out" won't be mapped to RAM because it is too sparse
INFO: [Synth 8-5546] ROM "p_0_out" won't be mapped to RAM because it is too sparse
INFO: [Synth 8-5546] ROM "p_0_out" won't be mapped to RAM because it is too sparse
INFO: [Synth 8-5546] ROM "p_0_out" won't be mapped to RAM because it is too sparse
INFO: [Synth 8-5546] ROM "p_0_out" won't be mapped to RAM because it is too sparse
INFO: [Synth 8-5546] ROM "p_0_out" won't be mapped to RAM because it is too sparse
INFO: [Synth 8-5546] ROM "mybutton/count_out" won't be mapped to RAM because it is too sparse
INFO: [Synth 8-5546] ROM "mybutton/count_out" won't be mapped to RAM because it is too sparse
WARNING: [Synth 8-6014] Unused sequential element mybutton/count_high_reg was removed.  [D:/college/Computer_Lab/Multi_CPU/CPU_basys3/CPU_basys3/CPU_basys3.srcs/sources_1/new/button_debounce.v:13]
WARNING: [Synth 8-6014] Unused sequential element mybutton/count_low_reg was removed.  [D:/college/Computer_Lab/Multi_CPU/CPU_basys3/CPU_basys3/CPU_basys3.srcs/sources_1/new/button_debounce.v:12]
WARNING: [Synth 8-3331] design Data_mem has unconnected port R_addr[31]
WARNING: [Synth 8-3331] design Data_mem has unconnected port R_addr[30]
WARNING: [Synth 8-3331] design Data_mem has unconnected port R_addr[29]
WARNING: [Synth 8-3331] design Data_mem has unconnected port R_addr[28]
WARNING: [Synth 8-3331] design Data_mem has unconnected port R_addr[27]
WARNING: [Synth 8-3331] design Data_mem has unconnected port R_addr[26]
WARNING: [Synth 8-3331] design Data_mem has unconnected port R_addr[25]
WARNING: [Synth 8-3331] design Data_mem has unconnected port R_addr[24]
WARNING: [Synth 8-3331] design Data_mem has unconnected port R_addr[23]
WARNING: [Synth 8-3331] design Data_mem has unconnected port R_addr[22]
WARNING: [Synth 8-3331] design Data_mem has unconnected port R_addr[21]
WARNING: [Synth 8-3331] design Data_mem has unconnected port R_addr[20]
WARNING: [Synth 8-3331] design Data_mem has unconnected port R_addr[19]
WARNING: [Synth 8-3331] design Data_mem has unconnected port R_addr[18]
WARNING: [Synth 8-3331] design Data_mem has unconnected port R_addr[17]
WARNING: [Synth 8-3331] design Data_mem has unconnected port R_addr[16]
WARNING: [Synth 8-3331] design Data_mem has unconnected port R_addr[15]
WARNING: [Synth 8-3331] design Data_mem has unconnected port R_addr[14]
WARNING: [Synth 8-3331] design Data_mem has unconnected port R_addr[13]
WARNING: [Synth 8-3331] design Data_mem has unconnected port R_addr[12]
WARNING: [Synth 8-3331] design Data_mem has unconnected port R_addr[11]
WARNING: [Synth 8-3331] design Data_mem has unconnected port R_addr[10]
WARNING: [Synth 8-3331] design Data_mem has unconnected port R_addr[9]
WARNING: [Synth 8-3331] design Data_mem has unconnected port R_addr[8]
WARNING: [Synth 8-3331] design Data_mem has unconnected port W_addr[31]
WARNING: [Synth 8-3331] design Data_mem has unconnected port W_addr[30]
WARNING: [Synth 8-3331] design Data_mem has unconnected port W_addr[29]
WARNING: [Synth 8-3331] design Data_mem has unconnected port W_addr[28]
WARNING: [Synth 8-3331] design Data_mem has unconnected port W_addr[27]
WARNING: [Synth 8-3331] design Data_mem has unconnected port W_addr[26]
WARNING: [Synth 8-3331] design Data_mem has unconnected port W_addr[25]
WARNING: [Synth 8-3331] design Data_mem has unconnected port W_addr[24]
WARNING: [Synth 8-3331] design Data_mem has unconnected port W_addr[23]
WARNING: [Synth 8-3331] design Data_mem has unconnected port W_addr[22]
WARNING: [Synth 8-3331] design Data_mem has unconnected port W_addr[21]
WARNING: [Synth 8-3331] design Data_mem has unconnected port W_addr[20]
WARNING: [Synth 8-3331] design Data_mem has unconnected port W_addr[19]
WARNING: [Synth 8-3331] design Data_mem has unconnected port W_addr[18]
WARNING: [Synth 8-3331] design Data_mem has unconnected port W_addr[17]
WARNING: [Synth 8-3331] design Data_mem has unconnected port W_addr[16]
WARNING: [Synth 8-3331] design Data_mem has unconnected port W_addr[15]
WARNING: [Synth 8-3331] design Data_mem has unconnected port W_addr[14]
WARNING: [Synth 8-3331] design Data_mem has unconnected port W_addr[13]
WARNING: [Synth 8-3331] design Data_mem has unconnected port W_addr[12]
WARNING: [Synth 8-3331] design Data_mem has unconnected port W_addr[11]
WARNING: [Synth 8-3331] design Data_mem has unconnected port W_addr[10]
WARNING: [Synth 8-3331] design Data_mem has unconnected port W_addr[9]
WARNING: [Synth 8-3331] design Data_mem has unconnected port W_addr[8]
INFO: [Synth 8-3886] merging instance 'mycpu/myData/R_data_regi_33' (LD) to 'mycpu/myData/R_data_regi_32'
INFO: [Synth 8-3886] merging instance 'mycpu/myData/R_data_regi_32' (LD) to 'mycpu/myData/R_data_regi_34'
INFO: [Synth 8-3886] merging instance 'mycpu/myData/R_data_regi_35' (LD) to 'mycpu/myData/R_data_regi_34'
INFO: [Synth 8-3886] merging instance 'mycpu/myData/R_data_regi_34' (LD) to 'mycpu/myData/R_data_regi_36'
INFO: [Synth 8-3886] merging instance 'mycpu/myData/R_data_regi_37' (LD) to 'mycpu/myData/R_data_regi_36'
INFO: [Synth 8-3886] merging instance 'mycpu/myData/R_data_regi_36' (LD) to 'mycpu/myData/R_data_regi_38'
INFO: [Synth 8-3886] merging instance 'mycpu/myData/R_data_regi_39' (LD) to 'mycpu/myData/R_data_regi_38'
INFO: [Synth 8-3886] merging instance 'mycpu/myData/R_data_regi_38' (LD) to 'mycpu/myData/R_data_regi_40'
INFO: [Synth 8-3886] merging instance 'mycpu/myData/R_data_regi_41' (LD) to 'mycpu/myData/R_data_regi_40'
INFO: [Synth 8-3886] merging instance 'mycpu/myData/R_data_regi_40' (LD) to 'mycpu/myData/R_data_regi_42'
INFO: [Synth 8-3886] merging instance 'mycpu/myData/R_data_regi_43' (LD) to 'mycpu/myData/R_data_regi_42'
INFO: [Synth 8-3886] merging instance 'mycpu/myData/R_data_regi_42' (LD) to 'mycpu/myData/R_data_regi_44'
INFO: [Synth 8-3886] merging instance 'mycpu/myData/R_data_regi_45' (LD) to 'mycpu/myData/R_data_regi_44'
INFO: [Synth 8-3886] merging instance 'mycpu/myData/R_data_regi_44' (LD) to 'mycpu/myData/R_data_regi_46'
INFO: [Synth 8-3886] merging instance 'mycpu/myData/R_data_regi_47' (LD) to 'mycpu/myData/R_data_regi_46'
INFO: [Synth 8-3886] merging instance 'mycpu/myData/R_data_regi_46' (LD) to 'mycpu/myData/R_data_regi_48'
INFO: [Synth 8-3886] merging instance 'mycpu/myData/R_data_regi_49' (LD) to 'mycpu/myData/R_data_regi_48'
INFO: [Synth 8-3886] merging instance 'mycpu/myData/R_data_regi_48' (LD) to 'mycpu/myData/R_data_regi_50'
INFO: [Synth 8-3886] merging instance 'mycpu/myData/R_data_regi_51' (LD) to 'mycpu/myData/R_data_regi_50'
INFO: [Synth 8-3886] merging instance 'mycpu/myData/R_data_regi_50' (LD) to 'mycpu/myData/R_data_regi_52'
INFO: [Synth 8-3886] merging instance 'mycpu/myData/R_data_regi_53' (LD) to 'mycpu/myData/R_data_regi_52'
INFO: [Synth 8-3886] merging instance 'mycpu/myData/R_data_regi_52' (LD) to 'mycpu/myData/R_data_regi_54'
INFO: [Synth 8-3886] merging instance 'mycpu/myData/R_data_regi_55' (LD) to 'mycpu/myData/R_data_regi_54'
INFO: [Synth 8-3886] merging instance 'mycpu/myData/R_data_regi_54' (LD) to 'mycpu/myData/R_data_regi_56'
INFO: [Synth 8-3886] merging instance 'mycpu/myData/R_data_regi_59' (LD) to 'mycpu/myData/R_data_regi_56'
INFO: [Synth 8-3886] merging instance 'mycpu/myData/R_data_regi_63' (LD) to 'mycpu/myData/R_data_regi_56'
INFO: [Synth 8-3886] merging instance 'mycpu/myData/R_data_regi_58' (LD) to 'mycpu/myData/R_data_regi_56'
INFO: [Synth 8-3886] merging instance 'mycpu/myData/R_data_regi_62' (LD) to 'mycpu/myData/R_data_regi_56'
INFO: [Synth 8-3886] merging instance 'mycpu/myData/R_data_regi_57' (LD) to 'mycpu/myData/R_data_regi_56'
INFO: [Synth 8-3886] merging instance 'mycpu/myData/R_data_regi_61' (LD) to 'mycpu/myData/R_data_regi_56'
INFO: [Synth 8-3886] merging instance 'mycpu/myData/R_data_regi_56' (LD) to 'mycpu/myData/R_data_regi_60'
WARNING: [Synth 8-3332] Sequential element (R_data_reg[31]) is unused and will be removed from module Data_mem.
WARNING: [Synth 8-3332] Sequential element (R_data_reg[30]) is unused and will be removed from module Data_mem.
WARNING: [Synth 8-3332] Sequential element (R_data_reg[29]) is unused and will be removed from module Data_mem.
WARNING: [Synth 8-3332] Sequential element (R_data_reg[28]) is unused and will be removed from module Data_mem.
WARNING: [Synth 8-3332] Sequential element (R_data_reg[27]) is unused and will be removed from module Data_mem.
WARNING: [Synth 8-3332] Sequential element (R_data_reg[26]) is unused and will be removed from module Data_mem.
WARNING: [Synth 8-3332] Sequential element (R_data_reg[25]) is unused and will be removed from module Data_mem.
WARNING: [Synth 8-3332] Sequential element (R_data_reg[24]) is unused and will be removed from module Data_mem.
WARNING: [Synth 8-3332] Sequential element (R_data_reg[23]) is unused and will be removed from module Data_mem.
WARNING: [Synth 8-3332] Sequential element (R_data_reg[22]) is unused and will be removed from module Data_mem.
WARNING: [Synth 8-3332] Sequential element (R_data_reg[21]) is unused and will be removed from module Data_mem.
WARNING: [Synth 8-3332] Sequential element (R_data_reg[20]) is unused and will be removed from module Data_mem.
WARNING: [Synth 8-3332] Sequential element (R_data_reg[19]) is unused and will be removed from module Data_mem.
WARNING: [Synth 8-3332] Sequential element (R_data_reg[18]) is unused and will be removed from module Data_mem.
WARNING: [Synth 8-3332] Sequential element (R_data_reg[17]) is unused and will be removed from module Data_mem.
WARNING: [Synth 8-3332] Sequential element (R_data_reg[16]) is unused and will be removed from module Data_mem.
WARNING: [Synth 8-3332] Sequential element (R_data_reg[15]) is unused and will be removed from module Data_mem.
WARNING: [Synth 8-3332] Sequential element (R_data_reg[14]) is unused and will be removed from module Data_mem.
WARNING: [Synth 8-3332] Sequential element (R_data_reg[13]) is unused and will be removed from module Data_mem.
WARNING: [Synth 8-3332] Sequential element (R_data_reg[12]) is unused and will be removed from module Data_mem.
WARNING: [Synth 8-3332] Sequential element (R_data_reg[11]) is unused and will be removed from module Data_mem.
WARNING: [Synth 8-3332] Sequential element (R_data_reg[10]) is unused and will be removed from module Data_mem.
WARNING: [Synth 8-3332] Sequential element (R_data_reg[9]) is unused and will be removed from module Data_mem.
WARNING: [Synth 8-3332] Sequential element (R_data_reg[8]) is unused and will be removed from module Data_mem.
WARNING: [Synth 8-3332] Sequential element (R_data_reg[7]) is unused and will be removed from module Data_mem.
WARNING: [Synth 8-3332] Sequential element (R_data_reg[6]) is unused and will be removed from module Data_mem.
WARNING: [Synth 8-3332] Sequential element (R_data_reg[5]) is unused and will be removed from module Data_mem.
WARNING: [Synth 8-3332] Sequential element (R_data_reg[4]) is unused and will be removed from module Data_mem.
WARNING: [Synth 8-3332] Sequential element (R_data_reg[3]) is unused and will be removed from module Data_mem.
WARNING: [Synth 8-3332] Sequential element (R_data_reg[2]) is unused and will be removed from module Data_mem.
WARNING: [Synth 8-3332] Sequential element (R_data_reg[1]) is unused and will be removed from module Data_mem.
WARNING: [Synth 8-3332] Sequential element (R_data_reg[0]) is unused and will be removed from module Data_mem.
WARNING: [Synth 8-3332] Sequential element (R_data_reg__0i_60) is unused and will be removed from module Data_mem.
WARNING: [Synth 8-3332] Sequential element (mycpu/ins/out_reg[25]) is unused and will be removed from module basys3.
WARNING: [Synth 8-3332] Sequential element (mycpu/ins/out_reg[24]) is unused and will be removed from module basys3.
WARNING: [Synth 8-3332] Sequential element (mycpu/ins/out_reg[23]) is unused and will be removed from module basys3.
WARNING: [Synth 8-3332] Sequential element (mycpu/ins/out_reg[22]) is unused and will be removed from module basys3.
WARNING: [Synth 8-3332] Sequential element (mycpu/ins/out_reg[21]) is unused and will be removed from module basys3.
WARNING: [Synth 8-3332] Sequential element (mycpu/myPC/PC_reg_rep[31]) is unused and will be removed from module basys3.
WARNING: [Synth 8-3332] Sequential element (mycpu/myPC/PC_reg_rep[30]) is unused and will be removed from module basys3.
WARNING: [Synth 8-3332] Sequential element (mycpu/myPC/PC_reg_rep[29]) is unused and will be removed from module basys3.
WARNING: [Synth 8-3332] Sequential element (mycpu/myPC/PC_reg_rep[28]) is unused and will be removed from module basys3.
WARNING: [Synth 8-3332] Sequential element (mycpu/myPC/PC_reg_rep[27]) is unused and will be removed from module basys3.
WARNING: [Synth 8-3332] Sequential element (mycpu/myPC/PC_reg_rep[26]) is unused and will be removed from module basys3.
WARNING: [Synth 8-3332] Sequential element (mycpu/myPC/PC_reg_rep[25]) is unused and will be removed from module basys3.
WARNING: [Synth 8-3332] Sequential element (mycpu/myPC/PC_reg_rep[24]) is unused and will be removed from module basys3.
WARNING: [Synth 8-3332] Sequential element (mycpu/myPC/PC_reg_rep[23]) is unused and will be removed from module basys3.
WARNING: [Synth 8-3332] Sequential element (mycpu/myPC/PC_reg_rep[22]) is unused and will be removed from module basys3.
WARNING: [Synth 8-3332] Sequential element (mycpu/myPC/PC_reg_rep[21]) is unused and will be removed from module basys3.
WARNING: [Synth 8-3332] Sequential element (mycpu/myPC/PC_reg_rep[20]) is unused and will be removed from module basys3.
WARNING: [Synth 8-3332] Sequential element (mycpu/myPC/PC_reg_rep[19]) is unused and will be removed from module basys3.
WARNING: [Synth 8-3332] Sequential element (mycpu/myPC/PC_reg_rep[18]) is unused and will be removed from module basys3.
WARNING: [Synth 8-3332] Sequential element (mycpu/myPC/PC_reg_rep[17]) is unused and will be removed from module basys3.
WARNING: [Synth 8-3332] Sequential element (mycpu/myPC/PC_reg_rep[16]) is unused and will be removed from module basys3.
WARNING: [Synth 8-3332] Sequential element (mycpu/myPC/PC_reg_rep[15]) is unused and will be removed from module basys3.
WARNING: [Synth 8-3332] Sequential element (mycpu/myPC/PC_reg_rep[14]) is unused and will be removed from module basys3.
WARNING: [Synth 8-3332] Sequential element (mycpu/myPC/PC_reg_rep[13]) is unused and will be removed from module basys3.
WARNING: [Synth 8-3332] Sequential element (mycpu/myPC/PC_reg_rep[12]) is unused and will be removed from module basys3.
WARNING: [Synth 8-3332] Sequential element (mycpu/myPC/PC_reg_rep[11]) is unused and will be removed from module basys3.
WARNING: [Synth 8-3332] Sequential element (mycpu/myPC/PC_reg_rep[10]) is unused and will be removed from module basys3.
WARNING: [Synth 8-3332] Sequential element (mycpu/myPC/PC_reg_rep[9]) is unused and will be removed from module basys3.
WARNING: [Synth 8-3332] Sequential element (mycpu/myPC/PC_reg_rep[8]) is unused and will be removed from module basys3.
WARNING: [Synth 8-3332] Sequential element (mycpu/myPC/PC_reg_rep[7]) is unused and will be removed from module basys3.
WARNING: [Synth 8-3332] Sequential element (mycpu/alu/out_reg[31]) is unused and will be removed from module basys3.
WARNING: [Synth 8-3332] Sequential element (mycpu/alu/out_reg[30]) is unused and will be removed from module basys3.
WARNING: [Synth 8-3332] Sequential element (mycpu/alu/out_reg[29]) is unused and will be removed from module basys3.
WARNING: [Synth 8-3332] Sequential element (mycpu/alu/out_reg[28]) is unused and will be removed from module basys3.
WARNING: [Synth 8-3332] Sequential element (mycpu/alu/out_reg[27]) is unused and will be removed from module basys3.
WARNING: [Synth 8-3332] Sequential element (mycpu/alu/out_reg[26]) is unused and will be removed from module basys3.
WARNING: [Synth 8-3332] Sequential element (mycpu/alu/out_reg[25]) is unused and will be removed from module basys3.
WARNING: [Synth 8-3332] Sequential element (mycpu/alu/out_reg[24]) is unused and will be removed from module basys3.
WARNING: [Synth 8-3332] Sequential element (mycpu/alu/out_reg[23]) is unused and will be removed from module basys3.
WARNING: [Synth 8-3332] Sequential element (mycpu/alu/out_reg[22]) is unused and will be removed from module basys3.
WARNING: [Synth 8-3332] Sequential element (mycpu/alu/out_reg[21]) is unused and will be removed from module basys3.
WARNING: [Synth 8-3332] Sequential element (mycpu/alu/out_reg[20]) is unused and will be removed from module basys3.
WARNING: [Synth 8-3332] Sequential element (mycpu/alu/out_reg[19]) is unused and will be removed from module basys3.
WARNING: [Synth 8-3332] Sequential element (mycpu/alu/out_reg[18]) is unused and will be removed from module basys3.
WARNING: [Synth 8-3332] Sequential element (mycpu/alu/out_reg[17]) is unused and will be removed from module basys3.
WARNING: [Synth 8-3332] Sequential element (mycpu/alu/out_reg[16]) is unused and will be removed from module basys3.
WARNING: [Synth 8-3332] Sequential element (mycpu/alu/out_reg[15]) is unused and will be removed from module basys3.
WARNING: [Synth 8-3332] Sequential element (mycpu/alu/out_reg[14]) is unused and will be removed from module basys3.
WARNING: [Synth 8-3332] Sequential element (mycpu/alu/out_reg[13]) is unused and will be removed from module basys3.
WARNING: [Synth 8-3332] Sequential element (mycpu/alu/out_reg[12]) is unused and will be removed from module basys3.
WARNING: [Synth 8-3332] Sequential element (mycpu/alu/out_reg[11]) is unused and will be removed from module basys3.
WARNING: [Synth 8-3332] Sequential element (mycpu/alu/out_reg[10]) is unused and will be removed from module basys3.
WARNING: [Synth 8-3332] Sequential element (mycpu/alu/out_reg[9]) is unused and will be removed from module basys3.
WARNING: [Synth 8-3332] Sequential element (mycpu/alu/out_reg[8]) is unused and will be removed from module basys3.
---------------------------------------------------------------------------------
Finished Cross Boundary and Area Optimization : Time (s): cpu = 00:00:11 ; elapsed = 00:00:23 . Memory (MB): peak = 791.543 ; gain = 548.289
---------------------------------------------------------------------------------
---------------------------------------------------------------------------------
Start ROM, RAM, DSP and Shift Register Reporting
---------------------------------------------------------------------------------

ROM:
+------------+------------+---------------+----------------+
|Module Name | RTL Object | Depth x Width | Implemented As | 
+------------+------------+---------------+----------------+
|Ins_Mem     | p_0_out    | 128x8         | LUT            | 
|Ins_Mem     | p_0_out    | 128x8         | LUT            | 
|Ins_Mem     | p_0_out    | 128x8         | LUT            | 
|Ins_Mem     | p_0_out    | 128x8         | LUT            | 
|basys3      | p_0_out    | 128x8         | LUT            | 
|basys3      | p_0_out    | 128x8         | LUT            | 
|basys3      | p_0_out    | 128x8         | LUT            | 
|basys3      | p_0_out    | 128x8         | LUT            | 
+------------+------------+---------------+----------------+


Distributed RAM: Preliminary Mapping  Report (see note below)
+------------+---------------------------+-----------+----------------------+---------------+
|Module Name | RTL Object                | Inference | Size (Depth x Width) | Primitives    | 
+------------+---------------------------+-----------+----------------------+---------------+
|basys3      | mycpu/myreg/registers_reg | Implied   | 32 x 32              | RAM32M x 12   | 
+------------+---------------------------+-----------+----------------------+---------------+

Note: The table above is a preliminary report that shows the Distributed RAMs at the current stage of the synthesis flow. Some Distributed RAMs may be reimplemented as non Distributed RAM primitives later in the synthesis flow. Multiple instantiated RAMs are reported only once.
---------------------------------------------------------------------------------
Finished ROM, RAM, DSP and Shift Register Reporting
---------------------------------------------------------------------------------

Report RTL Partitions: 
+-+--------------+------------+----------+
| |RTL Partition |Replication |Instances |
+-+--------------+------------+----------+
+-+--------------+------------+----------+
---------------------------------------------------------------------------------
Start Applying XDC Timing Constraints
---------------------------------------------------------------------------------
---------------------------------------------------------------------------------
Finished Applying XDC Timing Constraints : Time (s): cpu = 00:00:13 ; elapsed = 00:00:29 . Memory (MB): peak = 800.277 ; gain = 557.023
---------------------------------------------------------------------------------
---------------------------------------------------------------------------------
Start Timing Optimization
---------------------------------------------------------------------------------
---------------------------------------------------------------------------------
Finished Timing Optimization : Time (s): cpu = 00:00:14 ; elapsed = 00:00:29 . Memory (MB): peak = 806.438 ; gain = 563.184
---------------------------------------------------------------------------------
---------------------------------------------------------------------------------
Start ROM, RAM, DSP and Shift Register Reporting
---------------------------------------------------------------------------------

Distributed RAM: Final Mapping  Report
+------------+---------------------------+-----------+----------------------+---------------+
|Module Name | RTL Object                | Inference | Size (Depth x Width) | Primitives    | 
+------------+---------------------------+-----------+----------------------+---------------+
|basys3      | mycpu/myreg/registers_reg | Implied   | 32 x 32              | RAM32M x 12   | 
+------------+---------------------------+-----------+----------------------+---------------+

---------------------------------------------------------------------------------
Finished ROM, RAM, DSP and Shift Register Reporting
---------------------------------------------------------------------------------

Report RTL Partitions: 
+-+--------------+------------+----------+
| |RTL Partition |Replication |Instances |
+-+--------------+------------+----------+
+-+--------------+------------+----------+
---------------------------------------------------------------------------------
Start Technology Mapping
---------------------------------------------------------------------------------
---------------------------------------------------------------------------------
Finished Technology Mapping : Time (s): cpu = 00:00:14 ; elapsed = 00:00:31 . Memory (MB): peak = 930.168 ; gain = 686.914
---------------------------------------------------------------------------------

Report RTL Partitions: 
+-+--------------+------------+----------+
| |RTL Partition |Replication |Instances |
+-+--------------+------------+----------+
+-+--------------+------------+----------+
---------------------------------------------------------------------------------
Start IO Insertion
---------------------------------------------------------------------------------
---------------------------------------------------------------------------------
Start Flattening Before IO Insertion
---------------------------------------------------------------------------------
---------------------------------------------------------------------------------
Finished Flattening Before IO Insertion
---------------------------------------------------------------------------------
---------------------------------------------------------------------------------
Start Final Netlist Cleanup
---------------------------------------------------------------------------------
---------------------------------------------------------------------------------
Finished Final Netlist Cleanup
---------------------------------------------------------------------------------
---------------------------------------------------------------------------------
Finished IO Insertion : Time (s): cpu = 00:00:15 ; elapsed = 00:00:32 . Memory (MB): peak = 930.168 ; gain = 686.914
---------------------------------------------------------------------------------

Report Check Netlist: 
+------+------------------+-------+---------+-------+------------------+
|      |Item              |Errors |Warnings |Status |Description       |
+------+------------------+-------+---------+-------+------------------+
|1     |multi_driven_nets |      0|        0|Passed |Multi driven nets |
+------+------------------+-------+---------+-------+------------------+
---------------------------------------------------------------------------------
Start Renaming Generated Instances
---------------------------------------------------------------------------------
---------------------------------------------------------------------------------
Finished Renaming Generated Instances : Time (s): cpu = 00:00:15 ; elapsed = 00:00:32 . Memory (MB): peak = 930.168 ; gain = 686.914
---------------------------------------------------------------------------------

Report RTL Partitions: 
+-+--------------+------------+----------+
| |RTL Partition |Replication |Instances |
+-+--------------+------------+----------+
+-+--------------+------------+----------+
---------------------------------------------------------------------------------
Start Rebuilding User Hierarchy
---------------------------------------------------------------------------------
---------------------------------------------------------------------------------
Finished Rebuilding User Hierarchy : Time (s): cpu = 00:00:15 ; elapsed = 00:00:32 . Memory (MB): peak = 930.168 ; gain = 686.914
---------------------------------------------------------------------------------
---------------------------------------------------------------------------------
Start Renaming Generated Ports
---------------------------------------------------------------------------------
---------------------------------------------------------------------------------
Finished Renaming Generated Ports : Time (s): cpu = 00:00:15 ; elapsed = 00:00:32 . Memory (MB): peak = 930.168 ; gain = 686.914
---------------------------------------------------------------------------------
---------------------------------------------------------------------------------
Start Handling Custom Attributes
---------------------------------------------------------------------------------
---------------------------------------------------------------------------------
Finished Handling Custom Attributes : Time (s): cpu = 00:00:15 ; elapsed = 00:00:32 . Memory (MB): peak = 930.168 ; gain = 686.914
---------------------------------------------------------------------------------
---------------------------------------------------------------------------------
Start Renaming Generated Nets
---------------------------------------------------------------------------------
---------------------------------------------------------------------------------
Finished Renaming Generated Nets : Time (s): cpu = 00:00:15 ; elapsed = 00:00:32 . Memory (MB): peak = 930.168 ; gain = 686.914
---------------------------------------------------------------------------------
---------------------------------------------------------------------------------
Start Writing Synthesis Report
---------------------------------------------------------------------------------

Report BlackBoxes: 
+-+--------------+----------+
| |BlackBox name |Instances |
+-+--------------+----------+
+-+--------------+----------+

Report Cell Usage: 
+------+-------+------+
|      |Cell   |Count |
+------+-------+------+
|1     |BUFG   |     2|
|2     |CARRY4 |    50|
|3     |LUT1   |     6|
|4     |LUT2   |   160|
|5     |LUT3   |  1182|
|6     |LUT4   |   159|
|7     |LUT5   |   434|
|8     |LUT6   |  3638|
|9     |MUXF7  |  1152|
|10    |MUXF8  |   544|
|11    |RAM32M |    12|
|12    |FDCE   |    39|
|13    |FDRE   |  2362|
|14    |LD     |    36|
|15    |IBUF   |     6|
|16    |OBUF   |    12|
+------+-------+------+

Report Instance Areas: 
+------+--------------+------------------+------+
|      |Instance      |Module            |Cells |
+------+--------------+------------------+------+
|1     |top           |                  |  9794|
|2     |  my          |frequency_divider |    52|
|3     |  mybutton    |button_debounce   |    52|
|4     |  mycpu       |CPU               |  9648|
|5     |    Da        |Tem_Reg           |   123|
|6     |    Db        |Tem_Reg_0         |  1247|
|7     |    alu       |Tem_Reg_1         |  1459|
|8     |    db        |Tem_Reg_2         |    72|
|9     |    ins       |Tem_Reg_3         |   554|
|10    |    myALU     |ALU               |    28|
|11    |    myData    |Data_mem          |  5888|
|12    |    myInsmen  |Ins_Mem           |    37|
|13    |    myPC      |PC                |   165|
|14    |    mycontrol |Control           |    15|
|15    |    myreg     |Reg_file          |    12|
|16    |    nextPC    |Mux_4_32          |    32|
|17    |  myseg       |display_7seg      |     7|
+------+--------------+------------------+------+
---------------------------------------------------------------------------------
Finished Writing Synthesis Report : Time (s): cpu = 00:00:15 ; elapsed = 00:00:32 . Memory (MB): peak = 930.168 ; gain = 686.914
---------------------------------------------------------------------------------
Synthesis finished with 0 errors, 0 critical warnings and 142 warnings.
Synthesis Optimization Runtime : Time (s): cpu = 00:00:11 ; elapsed = 00:00:28 . Memory (MB): peak = 930.168 ; gain = 355.246
Synthesis Optimization Complete : Time (s): cpu = 00:00:15 ; elapsed = 00:00:32 . Memory (MB): peak = 930.168 ; gain = 686.914
INFO: [Project 1-571] Translating synthesized netlist
INFO: [Netlist 29-17] Analyzing 1800 Unisim elements for replacement
INFO: [Netlist 29-28] Unisim Transformation completed in 0 CPU seconds
INFO: [Project 1-570] Preparing netlist for logic optimization
INFO: [Opt 31-138] Pushed 0 inverter(s) to 0 load pin(s).
INFO: [Project 1-111] Unisim Transformation Summary:
  A total of 48 instances were transformed.
  LD => LDCE: 36 instances
  RAM32M => RAM32M (RAMD32, RAMD32, RAMD32, RAMD32, RAMD32, RAMD32, RAMS32, RAMS32): 12 instances

INFO: [Common 17-83] Releasing license: Synthesis
103 Infos, 153 Warnings, 0 Critical Warnings and 0 Errors encountered.
synth_design completed successfully
synth_design: Time (s): cpu = 00:00:16 ; elapsed = 00:00:36 . Memory (MB): peak = 930.168 ; gain = 699.758
INFO: [Common 17-1381] The checkpoint 'D:/college/Computer_Lab/Multi_CPU/CPU_basys3/CPU_basys3/CPU_basys3.runs/synth_1/basys3.dcp' has been generated.
INFO: [runtcl-4] Executing : report_utilization -file basys3_utilization_synth.rpt -pb basys3_utilization_synth.pb
report_utilization: Time (s): cpu = 00:00:00 ; elapsed = 00:00:00.031 . Memory (MB): peak = 930.168 ; gain = 0.000
INFO: [Common 17-206] Exiting Vivado at Sat Dec 21 16:13:49 2024...
