Copyright 1986-2017 Xilinx, Inc. All Rights Reserved.
----------------------------------------------------------------------------------------------------------------------------------------
| Tool Version     : Vivado v.2017.4 (win64) Build 2086221 Fri Dec 15 20:55:39 MST 2017
| Date             : Sat Dec 21 16:14:41 2024
| Host             : David running 64-bit major release  (build 9200)
| Command          : report_power -file basys3_power_routed.rpt -pb basys3_power_summary_routed.pb -rpx basys3_power_routed.rpx
| Design           : basys3
| Device           : xc7a35tcpg236-1
| Design State     : routed
| Grade            : commercial
| Process          : typical
| Characterization : Production
----------------------------------------------------------------------------------------------------------------------------------------

Power Report

Table of Contents
-----------------
1. Summary
1.1 On-Chip Components
1.2 Power Supply Summary
1.3 Confidence Level
2. Settings
2.1 Environment
2.2 Clock Constraints
3. Detailed Reports
3.1 By Hierarchy

1. Summary
----------

+--------------------------+-----------------------------------+
| Total On-Chip Power (W)  | 136.466 (Junction temp exceeded!) |
| Design Power Budget (W)  | Unspecified*                      |
| Power Budget Margin (W)  | NA                                |
| Dynamic (W)              | 135.980                           |
| Device Static (W)        | 0.486                             |
| Effective TJA (C/W)      | 5.0                               |
| Max Ambient (C)          | 0.0                               |
| Junction Temperature (C) | 125.0                             |
| Confidence Level         | Low                               |
| Setting File             | ---                               |
| Simulation Activity File | ---                               |
| Design Nets Matched      | NA                                |
+--------------------------+-----------------------------------+
* Specify Design Power Budget using, set_operating_conditions -design_power_budget <value in Watts>


1.1 On-Chip Components
----------------------

+--------------------------+-----------+----------+-----------+-----------------+
| On-Chip                  | Power (W) | Used     | Available | Utilization (%) |
+--------------------------+-----------+----------+-----------+-----------------+
| Slice Logic              |    58.752 |     9886 |       --- |             --- |
|   LUT as Logic           |    54.859 |     4827 |     20800 |           23.21 |
|   F7/F8 Muxes            |     2.823 |     1696 |     32600 |            5.20 |
|   LUT as Distributed RAM |     0.502 |       48 |      9600 |            0.50 |
|   CARRY4                 |     0.276 |       50 |      8150 |            0.61 |
|   Register               |     0.268 |     2437 |     41600 |            5.86 |
|   BUFG                   |     0.023 |        3 |        32 |            9.38 |
|   Others                 |     0.000 |       26 |       --- |             --- |
| Signals                  |    72.028 |     4904 |       --- |             --- |
| I/O                      |     5.200 |       18 |       106 |           16.98 |
| Static Power             |     0.486 |          |           |                 |
| Total                    |   136.466 |          |           |                 |
+--------------------------+-----------+----------+-----------+-----------------+


1.2 Power Supply Summary
------------------------

+-----------+-------------+-----------+-------------+------------+
| Source    | Voltage (V) | Total (A) | Dynamic (A) | Static (A) |
+-----------+-------------+-----------+-------------+------------+
| Vccint    |       1.000 |   131.136 |     130.796 |      0.341 |
| Vccaux    |       1.800 |     0.243 |       0.190 |      0.053 |
| Vcco33    |       3.300 |     1.468 |       1.467 |      0.001 |
| Vcco25    |       2.500 |     0.000 |       0.000 |      0.000 |
| Vcco18    |       1.800 |     0.000 |       0.000 |      0.000 |
| Vcco15    |       1.500 |     0.000 |       0.000 |      0.000 |
| Vcco135   |       1.350 |     0.000 |       0.000 |      0.000 |
| Vcco12    |       1.200 |     0.000 |       0.000 |      0.000 |
| Vccaux_io |       1.800 |     0.000 |       0.000 |      0.000 |
| Vccbram   |       1.000 |     0.010 |       0.000 |      0.010 |
| MGTAVcc   |       1.000 |     0.000 |       0.000 |      0.000 |
| MGTAVtt   |       1.200 |     0.000 |       0.000 |      0.000 |
| Vccadc    |       1.800 |     0.020 |       0.000 |      0.020 |
+-----------+-------------+-----------+-------------+------------+


1.3 Confidence Level
--------------------

+-----------------------------+------------+--------------------------------------------------------+--------------------------------------------------------------------------------------------------------------------+
| User Input Data             | Confidence | Details                                                | Action                                                                                                             |
+-----------------------------+------------+--------------------------------------------------------+--------------------------------------------------------------------------------------------------------------------+
| Design implementation state | High       | Design is routed                                       |                                                                                                                    |
| Clock nodes activity        | Low        | User specified less than 75% of clocks                 | Provide missing clock activity with a constraint file, simulation results or by editing the "By Clock Domain" view |
| I/O nodes activity          | Low        | More than 75% of inputs are missing user specification | Provide missing input activity with simulation results or by editing the "By Resource Type -> I/Os" view           |
| Internal nodes activity     | Medium     | User specified less than 25% of internal nodes         | Provide missing internal nodes activity with simulation results or by editing the "By Resource Type" views         |
| Device models               | High       | Device models are Production                           |                                                                                                                    |
|                             |            |                                                        |                                                                                                                    |
| Overall confidence level    | Low        |                                                        |                                                                                                                    |
+-----------------------------+------------+--------------------------------------------------------+--------------------------------------------------------------------------------------------------------------------+


2. Settings
-----------

2.1 Environment
---------------

+-----------------------+--------------------------+
| Ambient Temp (C)      | 25.0                     |
| ThetaJA (C/W)         | 5.0                      |
| Airflow (LFM)         | 250                      |
| Heat Sink             | medium (Medium Profile)  |
| ThetaSA (C/W)         | 4.6                      |
| Board Selection       | medium (10"x10")         |
| # of Board Layers     | 12to15 (12 to 15 Layers) |
| Board Temperature (C) | 25.0                     |
+-----------------------+--------------------------+


2.2 Clock Constraints
---------------------

+-------+--------+-----------------+
| Clock | Domain | Constraint (ns) |
+-------+--------+-----------------+


3. Detailed Reports
-------------------

3.1 By Hierarchy
----------------

+-----------------------------------+-----------+
| Name                              | Power (W) |
+-----------------------------------+-----------+
| basys3                            |   135.980 |
|   my                              |     0.177 |
|   mybutton                        |     0.093 |
|   mycpu                           |   130.288 |
|     Da                            |     1.392 |
|     alu                           |    52.178 |
|     Db                            |    32.085 |
|     db                            |     0.908 |
|     ins                           |     8.672 |
|     myALU                         |     0.463 |
|     myData                        |    31.595 |
|     myInsmen                      |     0.140 |
|     myPC                          |     0.523 |
|     mycontrol                     |     0.242 |
|     myreg                         |     1.028 |
|       registers_reg_r1_0_31_0_5   |     0.089 |
|       registers_reg_r1_0_31_12_17 |     0.098 |
|       registers_reg_r1_0_31_18_23 |     0.096 |
|       registers_reg_r1_0_31_24_29 |     0.103 |
|       registers_reg_r1_0_31_30_31 |     0.040 |
|       registers_reg_r1_0_31_6_11  |     0.099 |
|       registers_reg_r2_0_31_0_5   |     0.075 |
|       registers_reg_r2_0_31_12_17 |     0.081 |
|       registers_reg_r2_0_31_18_23 |     0.070 |
|       registers_reg_r2_0_31_24_29 |     0.158 |
|       registers_reg_r2_0_31_30_31 |     0.048 |
|       registers_reg_r2_0_31_6_11  |     0.071 |
|     nextPC                        |     0.451 |
|   myseg                           |     0.040 |
+-----------------------------------+-----------+


