#-----------------------------------------------------------
# Vivado v2017.4 (64-bit)
# SW Build 2086221 on Fri Dec 15 20:55:39 MST 2017
# IP Build 2085800 on Fri Dec 15 22:25:07 MST 2017
# Start of session at: Sun Dec 15 10:45:06 2024
# Process ID: 3144
# Current directory: D:/college/Computer_Lab/Multi_CPU/CPU
# Command line: vivado.exe -gui_launcher_event rodinguilauncherevent33920 D:\college\Computer_Lab\Multi_CPU\CPU\CPU.xpr
# Log file: D:/college/Computer_Lab/Multi_CPU/CPU/vivado.log
# Journal file: D:/college/Computer_Lab/Multi_CPU/CPU\vivado.jou
#-----------------------------------------------------------
start_gui
open_project D:/college/Computer_Lab/Multi_CPU/CPU/CPU.xpr
Scanning sources...
Finished scanning sources
INFO: [IP_Flow 19-234] Refreshing IP repositories
INFO: [IP_Flow 19-1704] No user IP repositories specified
INFO: [IP_Flow 19-2313] Loaded Vivado IP repository 'D:/Xilinx/Vivado/2017.4/data/ip'.
open_project: Time (s): cpu = 00:00:06 ; elapsed = 00:00:07 . Memory (MB): peak = 746.301 ; gain = 33.809
update_compile_order -fileset sources_1
launch_simulation
INFO: [Vivado 12-5682] Launching behavioral simulation in 'D:/college/Computer_Lab/Multi_CPU/CPU/CPU.sim/sim_1/behav/xsim'
INFO: [SIM-utils-51] Simulation object is 'sim_1'
INFO: [SIM-utils-54] Inspecting design source files for 'CPU_tb' in fileset 'sim_1'...
INFO: [USF-XSim-97] Finding global include files...
INFO: [USF-XSim-98] Fetching design files from 'sim_1'...
INFO: [USF-XSim-2] XSim::Compile design
INFO: [USF-XSim-61] Executing 'COMPILE and ANALYZE' step in 'D:/college/Computer_Lab/Multi_CPU/CPU/CPU.sim/sim_1/behav/xsim'
"xvlog --incr --relax -prj CPU_tb_vlog.prj"
INFO: [VRFC 10-2263] Analyzing Verilog file "D:/college/Computer_Lab/Multi_CPU/CPU/CPU.srcs/sources_1/new/ALU.v" into library xil_defaultlib
INFO: [VRFC 10-311] analyzing module ALU
INFO: [VRFC 10-2263] Analyzing Verilog file "D:/college/Computer_Lab/Multi_CPU/CPU/CPU.srcs/sources_1/new/CPU.v" into library xil_defaultlib
INFO: [VRFC 10-311] analyzing module CPU
INFO: [VRFC 10-2263] Analyzing Verilog file "D:/college/Computer_Lab/Multi_CPU/CPU/CPU.srcs/sources_1/new/Control.v" into library xil_defaultlib
INFO: [VRFC 10-311] analyzing module Control
INFO: [VRFC 10-2263] Analyzing Verilog file "D:/college/Computer_Lab/Multi_CPU/CPU/CPU.srcs/sources_1/new/Data_Mem.v" into library xil_defaultlib
INFO: [VRFC 10-311] analyzing module Data_mem
INFO: [VRFC 10-2263] Analyzing Verilog file "D:/college/Computer_Lab/Multi_CPU/CPU/CPU.srcs/sources_1/new/Ext_16_to_32.v" into library xil_defaultlib
INFO: [VRFC 10-311] analyzing module Ext_16_to_32
INFO: [VRFC 10-2263] Analyzing Verilog file "D:/college/Computer_Lab/Multi_CPU/CPU/CPU.srcs/sources_1/new/Ins_Mem.v" into library xil_defaultlib
INFO: [VRFC 10-311] analyzing module Ins_Mem
INFO: [VRFC 10-2263] Analyzing Verilog file "D:/college/Computer_Lab/Multi_CPU/CPU/CPU.srcs/sources_1/new/Mul_2_32.v" into library xil_defaultlib
INFO: [VRFC 10-311] analyzing module Mul_2_32
INFO: [VRFC 10-2263] Analyzing Verilog file "D:/college/Computer_Lab/Multi_CPU/CPU/CPU.srcs/sources_1/new/Mul_3_5.v" into library xil_defaultlib
INFO: [VRFC 10-311] analyzing module Mul_3_5
INFO: [VRFC 10-2263] Analyzing Verilog file "D:/college/Computer_Lab/Multi_CPU/CPU/CPU.srcs/sources_1/new/Mux_4_32.v" into library xil_defaultlib
INFO: [VRFC 10-311] analyzing module Mux_4_32
INFO: [VRFC 10-2263] Analyzing Verilog file "D:/college/Computer_Lab/Multi_CPU/CPU/CPU.srcs/sources_1/new/PC.v" into library xil_defaultlib
INFO: [VRFC 10-311] analyzing module PC
INFO: [VRFC 10-2263] Analyzing Verilog file "D:/college/Computer_Lab/Multi_CPU/CPU/CPU.srcs/sources_1/new/Reg_file.v" into library xil_defaultlib
INFO: [VRFC 10-311] analyzing module Reg_file
INFO: [VRFC 10-2263] Analyzing Verilog file "D:/college/Computer_Lab/Multi_CPU/CPU/CPU.srcs/sources_1/new/Tem_Reg.v" into library xil_defaultlib
INFO: [VRFC 10-311] analyzing module Tem_Reg
INFO: [VRFC 10-2263] Analyzing Verilog file "D:/college/Computer_Lab/Multi_CPU/CPU/CPU.srcs/sim_1/new/CPU_tb.v" into library xil_defaultlib
INFO: [VRFC 10-311] analyzing module CPU_tb
INFO: [USF-XSim-69] 'compile' step finished in '1' seconds
INFO: [USF-XSim-3] XSim::Elaborate design
INFO: [USF-XSim-61] Executing 'ELABORATE' step in 'D:/college/Computer_Lab/Multi_CPU/CPU/CPU.sim/sim_1/behav/xsim'
Vivado Simulator 2017.4
Copyright 1986-1999, 2001-2016 Xilinx, Inc. All Rights Reserved.
Running: D:/Xilinx/Vivado/2017.4/bin/unwrapped/win64.o/xelab.exe -wto c5d574fe898f4be586bdb79ad3d8d15d --incr --debug typical --relax --mt 2 -L xil_defaultlib -L unisims_ver -L unimacro_ver -L secureip --snapshot CPU_tb_behav xil_defaultlib.CPU_tb xil_defaultlib.glbl -log elaborate.log 
Using 2 slave threads.
Starting static elaboration
WARNING: [VRFC 10-278] actual bit length 32 differs from formal bit length 1 for port Wre [D:/college/Computer_Lab/Multi_CPU/CPU/CPU.srcs/sources_1/new/CPU.v:33]
WARNING: [VRFC 10-278] actual bit length 32 differs from formal bit length 1 for port Wre [D:/college/Computer_Lab/Multi_CPU/CPU/CPU.srcs/sources_1/new/CPU.v:34]
WARNING: [VRFC 10-278] actual bit length 32 differs from formal bit length 1 for port Wre [D:/college/Computer_Lab/Multi_CPU/CPU/CPU.srcs/sources_1/new/CPU.v:35]
WARNING: [VRFC 10-278] actual bit length 32 differs from formal bit length 1 for port Wre [D:/college/Computer_Lab/Multi_CPU/CPU/CPU.srcs/sources_1/new/CPU.v:36]
Completed static elaboration
Starting simulation data flow analysis
Completed simulation data flow analysis
Time Resolution for simulation is 1ps
Compiling module xil_defaultlib.Tem_Reg
Compiling module xil_defaultlib.Mul_2_32
Compiling module xil_defaultlib.Mul_3_5
Compiling module xil_defaultlib.Ext_16_to_32
Compiling module xil_defaultlib.Mux_4_32
Compiling module xil_defaultlib.ALU
Compiling module xil_defaultlib.Ins_Mem
Compiling module xil_defaultlib.PC
Compiling module xil_defaultlib.Data_mem
Compiling module xil_defaultlib.Reg_file
Compiling module xil_defaultlib.Control
Compiling module xil_defaultlib.CPU
Compiling module xil_defaultlib.CPU_tb
Compiling module xil_defaultlib.glbl
Built simulation snapshot CPU_tb_behav
INFO: [USF-XSim-69] 'elaborate' step finished in '3' seconds
INFO: [USF-XSim-4] XSim::Simulate design
INFO: [USF-XSim-61] Executing 'SIMULATE' step in 'D:/college/Computer_Lab/Multi_CPU/CPU/CPU.sim/sim_1/behav/xsim'
INFO: [USF-XSim-98] *** Running xsim
   with args "CPU_tb_behav -key {Behavioral:sim_1:Functional:CPU_tb} -tclbatch {CPU_tb.tcl} -log {simulate.log}"
INFO: [USF-XSim-8] Loading simulator feature
Vivado Simulator 2017.4
Time resolution is 1 ps
source CPU_tb.tcl
# set curr_wave [current_wave_config]
# if { [string length $curr_wave] == 0 } {
#   if { [llength [get_objects]] > 0} {
#     add_wave /
#     set_property needs_save false [current_wave_config]
#   } else {
#      send_msg_id Add_Wave-1 WARNING "No top level signals found. Simulator will start without a wave window. If you want to open a wave window go to 'File->New Waveform Configuration' or type 'create_wave_config' in the TCL console."
#   }
# }
# run 1000ns
INFO: [USF-XSim-96] XSim completed. Design snapshot 'CPU_tb_behav' loaded.
INFO: [USF-XSim-97] XSim simulation ran for 1000ns
launch_simulation: Time (s): cpu = 00:00:01 ; elapsed = 00:00:07 . Memory (MB): peak = 815.707 ; gain = 20.645
run all
relaunch_sim
INFO: [Vivado 12-5682] Launching behavioral simulation in 'D:/college/Computer_Lab/Multi_CPU/CPU/CPU.sim/sim_1/behav/xsim'
INFO: [SIM-utils-51] Simulation object is 'sim_1'
INFO: [SIM-utils-54] Inspecting design source files for 'CPU_tb' in fileset 'sim_1'...
INFO: [USF-XSim-97] Finding global include files...
INFO: [USF-XSim-98] Fetching design files from 'sim_1'...
INFO: [USF-XSim-2] XSim::Compile design
INFO: [USF-XSim-61] Executing 'COMPILE and ANALYZE' step in 'D:/college/Computer_Lab/Multi_CPU/CPU/CPU.sim/sim_1/behav/xsim'
"xvlog --incr --relax -prj CPU_tb_vlog.prj"
INFO: [VRFC 10-2263] Analyzing Verilog file "D:/college/Computer_Lab/Multi_CPU/CPU/CPU.srcs/sources_1/new/ALU.v" into library xil_defaultlib
INFO: [VRFC 10-311] analyzing module ALU
INFO: [VRFC 10-2263] Analyzing Verilog file "D:/college/Computer_Lab/Multi_CPU/CPU/CPU.srcs/sources_1/new/CPU.v" into library xil_defaultlib
INFO: [VRFC 10-311] analyzing module CPU
INFO: [VRFC 10-2263] Analyzing Verilog file "D:/college/Computer_Lab/Multi_CPU/CPU/CPU.srcs/sources_1/new/Control.v" into library xil_defaultlib
INFO: [VRFC 10-311] analyzing module Control
INFO: [VRFC 10-2263] Analyzing Verilog file "D:/college/Computer_Lab/Multi_CPU/CPU/CPU.srcs/sources_1/new/Data_Mem.v" into library xil_defaultlib
INFO: [VRFC 10-311] analyzing module Data_mem
INFO: [VRFC 10-2263] Analyzing Verilog file "D:/college/Computer_Lab/Multi_CPU/CPU/CPU.srcs/sources_1/new/Ext_16_to_32.v" into library xil_defaultlib
INFO: [VRFC 10-311] analyzing module Ext_16_to_32
INFO: [VRFC 10-2263] Analyzing Verilog file "D:/college/Computer_Lab/Multi_CPU/CPU/CPU.srcs/sources_1/new/Ins_Mem.v" into library xil_defaultlib
INFO: [VRFC 10-311] analyzing module Ins_Mem
INFO: [VRFC 10-2263] Analyzing Verilog file "D:/college/Computer_Lab/Multi_CPU/CPU/CPU.srcs/sources_1/new/Mul_2_32.v" into library xil_defaultlib
INFO: [VRFC 10-311] analyzing module Mul_2_32
INFO: [VRFC 10-2263] Analyzing Verilog file "D:/college/Computer_Lab/Multi_CPU/CPU/CPU.srcs/sources_1/new/Mul_3_5.v" into library xil_defaultlib
INFO: [VRFC 10-311] analyzing module Mul_3_5
INFO: [VRFC 10-2263] Analyzing Verilog file "D:/college/Computer_Lab/Multi_CPU/CPU/CPU.srcs/sources_1/new/Mux_4_32.v" into library xil_defaultlib
INFO: [VRFC 10-311] analyzing module Mux_4_32
INFO: [VRFC 10-2263] Analyzing Verilog file "D:/college/Computer_Lab/Multi_CPU/CPU/CPU.srcs/sources_1/new/PC.v" into library xil_defaultlib
INFO: [VRFC 10-311] analyzing module PC
INFO: [VRFC 10-2263] Analyzing Verilog file "D:/college/Computer_Lab/Multi_CPU/CPU/CPU.srcs/sources_1/new/Reg_file.v" into library xil_defaultlib
INFO: [VRFC 10-311] analyzing module Reg_file
INFO: [VRFC 10-2263] Analyzing Verilog file "D:/college/Computer_Lab/Multi_CPU/CPU/CPU.srcs/sources_1/new/Tem_Reg.v" into library xil_defaultlib
INFO: [VRFC 10-311] analyzing module Tem_Reg
INFO: [VRFC 10-2263] Analyzing Verilog file "D:/college/Computer_Lab/Multi_CPU/CPU/CPU.srcs/sim_1/new/CPU_tb.v" into library xil_defaultlib
INFO: [VRFC 10-311] analyzing module CPU_tb
INFO: [USF-XSim-69] 'compile' step finished in '1' seconds
INFO: [Vivado 12-5682] Launching behavioral simulation in 'D:/college/Computer_Lab/Multi_CPU/CPU/CPU.sim/sim_1/behav/xsim'
INFO: [USF-XSim-3] XSim::Elaborate design
INFO: [USF-XSim-61] Executing 'ELABORATE' step in 'D:/college/Computer_Lab/Multi_CPU/CPU/CPU.sim/sim_1/behav/xsim'
Vivado Simulator 2017.4
Copyright 1986-1999, 2001-2016 Xilinx, Inc. All Rights Reserved.
Running: D:/Xilinx/Vivado/2017.4/bin/unwrapped/win64.o/xelab.exe -wto c5d574fe898f4be586bdb79ad3d8d15d --incr --debug typical --relax --mt 2 -L xil_defaultlib -L unisims_ver -L unimacro_ver -L secureip --snapshot CPU_tb_behav xil_defaultlib.CPU_tb xil_defaultlib.glbl -log elaborate.log 
Using 2 slave threads.
Starting static elaboration
WARNING: [VRFC 10-278] actual bit length 32 differs from formal bit length 1 for port Wre [D:/college/Computer_Lab/Multi_CPU/CPU/CPU.srcs/sources_1/new/CPU.v:33]
WARNING: [VRFC 10-278] actual bit length 32 differs from formal bit length 1 for port Wre [D:/college/Computer_Lab/Multi_CPU/CPU/CPU.srcs/sources_1/new/CPU.v:34]
WARNING: [VRFC 10-278] actual bit length 32 differs from formal bit length 1 for port Wre [D:/college/Computer_Lab/Multi_CPU/CPU/CPU.srcs/sources_1/new/CPU.v:35]
WARNING: [VRFC 10-278] actual bit length 32 differs from formal bit length 1 for port Wre [D:/college/Computer_Lab/Multi_CPU/CPU/CPU.srcs/sources_1/new/CPU.v:36]
Completed static elaboration
Starting simulation data flow analysis
Completed simulation data flow analysis
Time Resolution for simulation is 1ps
Compiling module xil_defaultlib.Tem_Reg
Compiling module xil_defaultlib.Mul_2_32
Compiling module xil_defaultlib.Mul_3_5
Compiling module xil_defaultlib.Ext_16_to_32
Compiling module xil_defaultlib.Mux_4_32
Compiling module xil_defaultlib.ALU
Compiling module xil_defaultlib.Ins_Mem
Compiling module xil_defaultlib.PC
Compiling module xil_defaultlib.Data_mem
Compiling module xil_defaultlib.Reg_file
Compiling module xil_defaultlib.Control
Compiling module xil_defaultlib.CPU
Compiling module xil_defaultlib.CPU_tb
Compiling module xil_defaultlib.glbl
Built simulation snapshot CPU_tb_behav
INFO: [USF-XSim-69] 'elaborate' step finished in '2' seconds
Vivado Simulator 2017.4
Time resolution is 1 ps
relaunch_sim: Time (s): cpu = 00:00:00 ; elapsed = 00:00:08 . Memory (MB): peak = 832.676 ; gain = 0.000
run all
close_sim
INFO: [Simtcl 6-16] Simulation closed
exit
INFO: [Common 17-206] Exiting Vivado at Sun Dec 15 13:14:52 2024...
