Vivado Simulator 2017.4
Copyright 1986-1999, 2001-2016 Xilinx, Inc. All Rights Reserved.
Running: D:/Xilinx/Vivado/2017.4/bin/unwrapped/win64.o/xelab.exe -wto 5226a4b4e1474155818be872c9899e1c --incr --debug typical --relax --mt 2 -L xil_defaultlib -L unisims_ver -L unimacro_ver -L secureip --snapshot CPU_tb_behav xil_defaultlib.CPU_tb xil_defaultlib.glbl -log elaborate.log 
Using 2 slave threads.
Starting static elaboration
Completed static elaboration
Starting simulation data flow analysis
Completed simulation data flow analysis
Time Resolution for simulation is 1ps
Compiling module xil_defaultlib.mul_32
Compiling module xil_defaultlib.mul_5
Compiling module xil_defaultlib.Ext_16_to_32
Compiling module xil_defaultlib.ALU
Compiling module xil_defaultlib.Control
Compiling module xil_defaultlib.Ins_Mem
Compiling module xil_defaultlib.PC
Compiling module xil_defaultlib.Data_mem
Compiling module xil_defaultlib.Reg_file
Compiling module xil_defaultlib.CPU
Compiling module xil_defaultlib.CPU_tb
Compiling module xil_defaultlib.glbl
Built simulation snapshot CPU_tb_behav
