INFO: [VRFC 10-2263] Analyzing Verilog file "D:/college/Computer_Lab/SingleCPU/CPU/CPU.srcs/sources_1/new/ALU.v" into library xil_defaultlib
INFO: [VRFC 10-311] analyzing module ALU
INFO: [VRFC 10-2263] Analyzing Verilog file "D:/college/Computer_Lab/SingleCPU/CPU/CPU.srcs/sources_1/new/CPU.v" into library xil_defaultlib
INFO: [VRFC 10-311] analyzing module CPU
INFO: [VRFC 10-2263] Analyzing Verilog file "D:/college/Computer_Lab/SingleCPU/CPU/CPU.srcs/sources_1/new/Control.v" into library xil_defaultlib
INFO: [VRFC 10-311] analyzing module Control
INFO: [VRFC 10-2263] Analyzing Verilog file "D:/college/Computer_Lab/SingleCPU/CPU/CPU.srcs/sources_1/new/Data_mem.v" into library xil_defaultlib
INFO: [VRFC 10-311] analyzing module Data_mem
INFO: [VRFC 10-2263] Analyzing Verilog file "D:/college/Computer_Lab/SingleCPU/CPU/CPU.srcs/sources_1/new/Ext_16_to_32.v" into library xil_defaultlib
INFO: [VRFC 10-311] analyzing module Ext_16_to_32
INFO: [VRFC 10-2263] Analyzing Verilog file "D:/college/Computer_Lab/SingleCPU/CPU/CPU.srcs/sources_1/new/Ins_Mem.v" into library xil_defaultlib
INFO: [VRFC 10-311] analyzing module Ins_Mem
INFO: [VRFC 10-2263] Analyzing Verilog file "D:/college/Computer_Lab/SingleCPU/CPU/CPU.srcs/sources_1/new/PC.v" into library xil_defaultlib
INFO: [VRFC 10-311] analyzing module PC
INFO: [VRFC 10-2263] Analyzing Verilog file "D:/college/Computer_Lab/SingleCPU/CPU/CPU.srcs/sources_1/new/Reg_file.v" into library xil_defaultlib
INFO: [VRFC 10-311] analyzing module Reg_file
INFO: [VRFC 10-2263] Analyzing Verilog file "D:/college/Computer_Lab/SingleCPU/CPU/CPU.srcs/sources_1/new/mul_32.v" into library xil_defaultlib
INFO: [VRFC 10-311] analyzing module mul_32
INFO: [VRFC 10-2263] Analyzing Verilog file "D:/college/Computer_Lab/SingleCPU/CPU/CPU.srcs/sources_1/new/mul_5.v" into library xil_defaultlib
INFO: [VRFC 10-311] analyzing module mul_5
INFO: [VRFC 10-2263] Analyzing Verilog file "D:/college/Computer_Lab/SingleCPU/CPU/CPU.srcs/sim_1/new/CPU_tb.v" into library xil_defaultlib
INFO: [VRFC 10-311] analyzing module CPU_tb
