#-----------------------------------------------------------
# Vivado v2017.4 (64-bit)
# SW Build 2086221 on Fri Dec 15 20:55:39 MST 2017
# IP Build 2085800 on Fri Dec 15 22:25:07 MST 2017
# Start of session at: Tue Nov 19 16:07:44 2024
# Process ID: 3160
# Current directory: D:/college/Computer_Lab/CPU_mips/CPU
# Command line: vivado.exe -gui_launcher_event rodinguilauncherevent9840 D:\college\Computer_Lab\CPU_mips\CPU\CPU.xpr
# Log file: D:/college/Computer_Lab/CPU_mips/CPU/vivado.log
# Journal file: D:/college/Computer_Lab/CPU_mips/CPU\vivado.jou
#-----------------------------------------------------------
start_gui
open_project D:/college/Computer_Lab/CPU_mips/CPU/CPU.xpr
CRITICAL WARNING: [Project 1-19] Could not find the file 'D:/college/Computer_Lab/CPU/CPU_tb_behav.wcfg'.
Scanning sources...
Finished scanning sources
INFO: [IP_Flow 19-234] Refreshing IP repositories
INFO: [IP_Flow 19-1704] No user IP repositories specified
INFO: [IP_Flow 19-2313] Loaded Vivado IP repository 'D:/Xilinx/Vivado/2017.4/data/ip'.
update_compile_order -fileset sources_1
exit
INFO: [Common 17-206] Exiting Vivado at Tue Nov 19 17:26:17 2024...
