#-----------------------------------------------------------
# Vivado v2017.4 (64-bit)
# SW Build 2086221 on Fri Dec 15 20:55:39 MST 2017
# IP Build 2085800 on Fri Dec 15 22:25:07 MST 2017
# Start of session at: Tue Dec 17 17:21:45 2024
# Process ID: 5568
# Current directory: D:/college/Computer_Lab/Multi_CPU/CPU_basys3/CPU_basys3
# Command line: vivado.exe -gui_launcher_event rodinguilauncherevent32824 D:\college\Computer_Lab\Multi_CPU\CPU_basys3\CPU_basys3\CPU_basys3.xpr
# Log file: D:/college/Computer_Lab/Multi_CPU/CPU_basys3/CPU_basys3/vivado.log
# Journal file: D:/college/Computer_Lab/Multi_CPU/CPU_basys3/CPU_basys3\vivado.jou
#-----------------------------------------------------------
start_gui
open_project D:/college/Computer_Lab/Multi_CPU/CPU_basys3/CPU_basys3/CPU_basys3.xpr
Scanning sources...
Finished scanning sources
INFO: [IP_Flow 19-234] Refreshing IP repositories
INFO: [IP_Flow 19-1704] No user IP repositories specified
INFO: [IP_Flow 19-2313] Loaded Vivado IP repository 'D:/Xilinx/Vivado/2017.4/data/ip'.
update_compile_order -fileset sources_1
export_ip_user_files -of_objects  [get_files D:/college/Computer_Lab/Multi_CPU/CPU_basys3/CPU_basys3/CPU_basys3.srcs/sim_1/new/CPU_tb.v] -no_script -reset -force -quiet
remove_files  -fileset sim_1 D:/college/Computer_Lab/Multi_CPU/CPU_basys3/CPU_basys3/CPU_basys3.srcs/sim_1/new/CPU_tb.v
close [ open D:/college/Computer_Lab/Multi_CPU/CPU_basys3/CPU_basys3/CPU_basys3.srcs/sources_1/new/button_debounce.v w ]
add_files D:/college/Computer_Lab/Multi_CPU/CPU_basys3/CPU_basys3/CPU_basys3.srcs/sources_1/new/button_debounce.v
update_compile_order -fileset sources_1
close [ open D:/college/Computer_Lab/Multi_CPU/CPU_basys3/CPU_basys3/CPU_basys3.srcs/sources_1/new/display_7seg.v w ]
add_files D:/college/Computer_Lab/Multi_CPU/CPU_basys3/CPU_basys3/CPU_basys3.srcs/sources_1/new/display_7seg.v
update_compile_order -fileset sources_1
close [ open D:/college/Computer_Lab/Multi_CPU/CPU_basys3/CPU_basys3/CPU_basys3.srcs/sources_1/new/frequency_divider.v w ]
add_files D:/college/Computer_Lab/Multi_CPU/CPU_basys3/CPU_basys3/CPU_basys3.srcs/sources_1/new/frequency_divider.v
update_compile_order -fileset sources_1
close [ open D:/college/Computer_Lab/Multi_CPU/CPU_basys3/CPU_basys3/CPU_basys3.srcs/sources_1/new/CPU_basys3.v w ]
add_files D:/college/Computer_Lab/Multi_CPU/CPU_basys3/CPU_basys3/CPU_basys3.srcs/sources_1/new/CPU_basys3.v
update_compile_order -fileset sources_1
update_compile_order -fileset sources_1
launch_simulation
INFO: [Vivado 12-5682] Launching behavioral simulation in 'D:/college/Computer_Lab/Multi_CPU/CPU_basys3/CPU_basys3/CPU_basys3.sim/sim_1/behav/xsim'
INFO: [SIM-utils-51] Simulation object is 'sim_1'
INFO: [SIM-utils-54] Inspecting design source files for 'basys3' in fileset 'sim_1'...
INFO: [USF-XSim-97] Finding global include files...
INFO: [USF-XSim-98] Fetching design files from 'sim_1'...
INFO: [USF-XSim-2] XSim::Compile design
INFO: [USF-XSim-61] Executing 'COMPILE and ANALYZE' step in 'D:/college/Computer_Lab/Multi_CPU/CPU_basys3/CPU_basys3/CPU_basys3.sim/sim_1/behav/xsim'
"xvlog --incr --relax -prj basys3_vlog.prj"
INFO: [VRFC 10-2263] Analyzing Verilog file "D:/college/Computer_Lab/Multi_CPU/CPU_basys3/CPU_basys3/CPU_basys3.srcs/sources_1/new/ALU.v" into library xil_defaultlib
INFO: [VRFC 10-311] analyzing module ALU
INFO: [VRFC 10-2263] Analyzing Verilog file "D:/college/Computer_Lab/Multi_CPU/CPU_basys3/CPU_basys3/CPU_basys3.srcs/sources_1/new/CPU.v" into library xil_defaultlib
INFO: [VRFC 10-311] analyzing module CPU
INFO: [VRFC 10-2263] Analyzing Verilog file "D:/college/Computer_Lab/Multi_CPU/CPU_basys3/CPU_basys3/CPU_basys3.srcs/sources_1/new/Control.v" into library xil_defaultlib
INFO: [VRFC 10-311] analyzing module Control
INFO: [VRFC 10-2263] Analyzing Verilog file "D:/college/Computer_Lab/Multi_CPU/CPU_basys3/CPU_basys3/CPU_basys3.srcs/sources_1/new/Data_Mem.v" into library xil_defaultlib
INFO: [VRFC 10-311] analyzing module Data_mem
INFO: [VRFC 10-2263] Analyzing Verilog file "D:/college/Computer_Lab/Multi_CPU/CPU_basys3/CPU_basys3/CPU_basys3.srcs/sources_1/new/Ext_16_to_32.v" into library xil_defaultlib
INFO: [VRFC 10-311] analyzing module Ext_16_to_32
INFO: [VRFC 10-2263] Analyzing Verilog file "D:/college/Computer_Lab/Multi_CPU/CPU_basys3/CPU_basys3/CPU_basys3.srcs/sources_1/new/Ins_Mem.v" into library xil_defaultlib
INFO: [VRFC 10-311] analyzing module Ins_Mem
INFO: [VRFC 10-2263] Analyzing Verilog file "D:/college/Computer_Lab/Multi_CPU/CPU_basys3/CPU_basys3/CPU_basys3.srcs/sources_1/new/Mul_2_32.v" into library xil_defaultlib
INFO: [VRFC 10-311] analyzing module Mul_2_32
INFO: [VRFC 10-2263] Analyzing Verilog file "D:/college/Computer_Lab/Multi_CPU/CPU_basys3/CPU_basys3/CPU_basys3.srcs/sources_1/new/Mul_3_5.v" into library xil_defaultlib
INFO: [VRFC 10-311] analyzing module Mul_3_5
INFO: [VRFC 10-2263] Analyzing Verilog file "D:/college/Computer_Lab/Multi_CPU/CPU_basys3/CPU_basys3/CPU_basys3.srcs/sources_1/new/Mux_4_32.v" into library xil_defaultlib
INFO: [VRFC 10-311] analyzing module Mux_4_32
INFO: [VRFC 10-2263] Analyzing Verilog file "D:/college/Computer_Lab/Multi_CPU/CPU_basys3/CPU_basys3/CPU_basys3.srcs/sources_1/new/PC.v" into library xil_defaultlib
INFO: [VRFC 10-311] analyzing module PC
INFO: [VRFC 10-2263] Analyzing Verilog file "D:/college/Computer_Lab/Multi_CPU/CPU_basys3/CPU_basys3/CPU_basys3.srcs/sources_1/new/Reg_file.v" into library xil_defaultlib
INFO: [VRFC 10-311] analyzing module Reg_file
INFO: [VRFC 10-2263] Analyzing Verilog file "D:/college/Computer_Lab/Multi_CPU/CPU_basys3/CPU_basys3/CPU_basys3.srcs/sources_1/new/Tem_Reg.v" into library xil_defaultlib
INFO: [VRFC 10-311] analyzing module Tem_Reg
INFO: [VRFC 10-2263] Analyzing Verilog file "D:/college/Computer_Lab/Multi_CPU/CPU_basys3/CPU_basys3/CPU_basys3.srcs/sources_1/new/button_debounce.v" into library xil_defaultlib
INFO: [VRFC 10-311] analyzing module button_debounce
INFO: [VRFC 10-2263] Analyzing Verilog file "D:/college/Computer_Lab/Multi_CPU/CPU_basys3/CPU_basys3/CPU_basys3.srcs/sources_1/new/display_7seg.v" into library xil_defaultlib
INFO: [VRFC 10-311] analyzing module display_7seg
INFO: [VRFC 10-2263] Analyzing Verilog file "D:/college/Computer_Lab/Multi_CPU/CPU_basys3/CPU_basys3/CPU_basys3.srcs/sources_1/new/frequency_divider.v" into library xil_defaultlib
INFO: [VRFC 10-311] analyzing module frequency_divider
INFO: [VRFC 10-2263] Analyzing Verilog file "D:/college/Computer_Lab/Multi_CPU/CPU_basys3/CPU_basys3/CPU_basys3.srcs/sources_1/new/CPU_basys3.v" into library xil_defaultlib
INFO: [VRFC 10-311] analyzing module basys3
INFO: [VRFC 10-2263] Analyzing Verilog file "D:/college/Computer_Lab/Multi_CPU/CPU_basys3/CPU_basys3/CPU_basys3.sim/sim_1/behav/xsim/glbl.v" into library xil_defaultlib
INFO: [VRFC 10-311] analyzing module glbl
INFO: [USF-XSim-69] 'compile' step finished in '2' seconds
INFO: [USF-XSim-3] XSim::Elaborate design
INFO: [USF-XSim-61] Executing 'ELABORATE' step in 'D:/college/Computer_Lab/Multi_CPU/CPU_basys3/CPU_basys3/CPU_basys3.sim/sim_1/behav/xsim'
Vivado Simulator 2017.4
Copyright 1986-1999, 2001-2016 Xilinx, Inc. All Rights Reserved.
Running: D:/Xilinx/Vivado/2017.4/bin/unwrapped/win64.o/xelab.exe -wto 78d1b73dc9514b5ba6b281ddc6033894 --incr --debug typical --relax --mt 2 -L xil_defaultlib -L unisims_ver -L unimacro_ver -L secureip --snapshot basys3_behav xil_defaultlib.basys3 xil_defaultlib.glbl -log elaborate.log 
Using 2 slave threads.
Starting static elaboration
WARNING: [VRFC 10-278] actual bit length 32 differs from formal bit length 1 for port Wre [D:/college/Computer_Lab/Multi_CPU/CPU_basys3/CPU_basys3/CPU_basys3.srcs/sources_1/new/CPU.v:33]
WARNING: [VRFC 10-278] actual bit length 32 differs from formal bit length 1 for port Wre [D:/college/Computer_Lab/Multi_CPU/CPU_basys3/CPU_basys3/CPU_basys3.srcs/sources_1/new/CPU.v:34]
WARNING: [VRFC 10-278] actual bit length 32 differs from formal bit length 1 for port Wre [D:/college/Computer_Lab/Multi_CPU/CPU_basys3/CPU_basys3/CPU_basys3.srcs/sources_1/new/CPU.v:35]
WARNING: [VRFC 10-278] actual bit length 32 differs from formal bit length 1 for port Wre [D:/college/Computer_Lab/Multi_CPU/CPU_basys3/CPU_basys3/CPU_basys3.srcs/sources_1/new/CPU.v:36]
Completed static elaboration
Starting simulation data flow analysis
Completed simulation data flow analysis
Time Resolution for simulation is 1ps
Compiling module xil_defaultlib.button_debounce
Compiling module xil_defaultlib.Tem_Reg
Compiling module xil_defaultlib.Mul_2_32
Compiling module xil_defaultlib.Mul_3_5
Compiling module xil_defaultlib.Ext_16_to_32
Compiling module xil_defaultlib.Mux_4_32
Compiling module xil_defaultlib.ALU
Compiling module xil_defaultlib.Ins_Mem
Compiling module xil_defaultlib.PC
Compiling module xil_defaultlib.Data_mem
Compiling module xil_defaultlib.Reg_file
Compiling module xil_defaultlib.Control
Compiling module xil_defaultlib.CPU
Compiling module xil_defaultlib.display_7seg
Compiling module xil_defaultlib.frequency_divider
Compiling module xil_defaultlib.basys3
Compiling module xil_defaultlib.glbl
Built simulation snapshot basys3_behav

****** Webtalk v2017.4 (64-bit)
  **** SW Build 2086221 on Fri Dec 15 20:55:39 MST 2017
  **** IP Build 2085800 on Fri Dec 15 22:25:07 MST 2017
    ** Copyright 1986-2017 Xilinx, Inc. All Rights Reserved.

source D:/college/Computer_Lab/Multi_CPU/CPU_basys3/CPU_basys3/CPU_basys3.sim/sim_1/behav/xsim/xsim.dir/basys3_behav/webtalk/xsim_webtalk.tcl -notrace
INFO: [Common 17-206] Exiting Webtalk at Tue Dec 17 17:51:27 2024...
run_program: Time (s): cpu = 00:00:00 ; elapsed = 00:00:06 . Memory (MB): peak = 838.965 ; gain = 0.000
INFO: [USF-XSim-69] 'elaborate' step finished in '6' seconds
INFO: [USF-XSim-4] XSim::Simulate design
INFO: [USF-XSim-61] Executing 'SIMULATE' step in 'D:/college/Computer_Lab/Multi_CPU/CPU_basys3/CPU_basys3/CPU_basys3.sim/sim_1/behav/xsim'
INFO: [USF-XSim-98] *** Running xsim
   with args "basys3_behav -key {Behavioral:sim_1:Functional:basys3} -tclbatch {basys3.tcl} -log {simulate.log}"
INFO: [USF-XSim-8] Loading simulator feature
Vivado Simulator 2017.4
Time resolution is 1 ps
source basys3.tcl
# set curr_wave [current_wave_config]
# if { [string length $curr_wave] == 0 } {
#   if { [llength [get_objects]] > 0} {
#     add_wave /
#     set_property needs_save false [current_wave_config]
#   } else {
#      send_msg_id Add_Wave-1 WARNING "No top level signals found. Simulator will start without a wave window. If you want to open a wave window go to 'File->New Waveform Configuration' or type 'create_wave_config' in the TCL console."
#   }
# }
# run 1000ns
INFO: [USF-XSim-96] XSim completed. Design snapshot 'basys3_behav' loaded.
INFO: [USF-XSim-97] XSim simulation ran for 1000ns
launch_simulation: Time (s): cpu = 00:00:01 ; elapsed = 00:00:11 . Memory (MB): peak = 858.770 ; gain = 19.805
close_sim
INFO: [Simtcl 6-16] Simulation closed
exit
INFO: [Common 17-206] Exiting Vivado at Tue Dec 17 17:52:11 2024...
