#-----------------------------------------------------------
# Vivado v2017.4 (64-bit)
# SW Build 2086221 on Fri Dec 15 20:55:39 MST 2017
# IP Build 2085800 on Fri Dec 15 22:25:07 MST 2017
# Start of session at: Fri Nov 29 11:26:07 2024
# Process ID: 13676
# Current directory: D:/college/Computer_Lab/CPU_mips/CPU_basys3
# Command line: vivado.exe -gui_launcher_event rodinguilauncherevent23672 D:\college\Computer_Lab\CPU_mips\CPU_basys3\CPU_basys3.xpr
# Log file: D:/college/Computer_Lab/CPU_mips/CPU_basys3/vivado.log
# Journal file: D:/college/Computer_Lab/CPU_mips/CPU_basys3\vivado.jou
#-----------------------------------------------------------
start_gui
open_project D:/college/Computer_Lab/CPU_mips/CPU_basys3/CPU_basys3.xpr
Scanning sources...
Finished scanning sources
INFO: [IP_Flow 19-234] Refreshing IP repositories
INFO: [IP_Flow 19-1704] No user IP repositories specified
INFO: [IP_Flow 19-2313] Loaded Vivado IP repository 'D:/Xilinx/Vivado/2017.4/data/ip'.
open_project: Time (s): cpu = 00:00:04 ; elapsed = 00:00:06 . Memory (MB): peak = 811.672 ; gain = 24.539
update_compile_order -fileset sources_1
exit
INFO: [Common 17-206] Exiting Vivado at Fri Nov 29 11:27:18 2024...
