
*** Running vivado
    with args -log Ins_Mem.vds -m64 -product Vivado -mode batch -messageDb vivado.pb -notrace -source Ins_Mem.tcl


****** Vivado v2017.4 (64-bit)
  **** SW Build 2086221 on Fri Dec 15 20:55:39 MST 2017
  **** IP Build 2085800 on Fri Dec 15 22:25:07 MST 2017
    ** Copyright 1986-2017 Xilinx, Inc. All Rights Reserved.

source Ins_Mem.tcl -notrace
Command: synth_design -top Ins_Mem -part xc7a35tcpg236-1
Starting synth_design
Attempting to get a license for feature 'Synthesis' and/or device 'xc7a35t'
INFO: [Common 17-349] Got license for feature 'Synthesis' and/or device 'xc7a35t'
INFO: Launching helper process for spawning children vivado processes
INFO: Helper process launched with PID 14428 
---------------------------------------------------------------------------------
Starting Synthesize : Time (s): cpu = 00:00:01 ; elapsed = 00:00:03 . Memory (MB): peak = 343.715 ; gain = 100.547
---------------------------------------------------------------------------------
INFO: [Synth 8-638] synthesizing module 'Ins_Mem' [D:/college/Computer_Lab/CPU/CPU/CPU.srcs/sources_1/new/Ins_Mem.v:2]

Warning: Trying to implement RAM in registers. Block RAM or DRAM implementation is not possible for one or more of the following reasons :
	1: Unable to determine number of words or word size in RAM. 
	2: No valid read/write found for RAM. 
RAM dissolved into registers
WARNING: [Synth 8-3848] Net Mem in module/entity Ins_Mem does not have driver. [D:/college/Computer_Lab/CPU/CPU/CPU.srcs/sources_1/new/Ins_Mem.v:7]
WARNING: [Synth 8-3848] Net Mem in module/entity Ins_Mem does not have driver. [D:/college/Computer_Lab/CPU/CPU/CPU.srcs/sources_1/new/Ins_Mem.v:7]
WARNING: [Synth 8-3848] Net Mem in module/entity Ins_Mem does not have driver. [D:/college/Computer_Lab/CPU/CPU/CPU.srcs/sources_1/new/Ins_Mem.v:7]
WARNING: [Synth 8-3848] Net Mem in module/entity Ins_Mem does not have driver. [D:/college/Computer_Lab/CPU/CPU/CPU.srcs/sources_1/new/Ins_Mem.v:7]
WARNING: [Synth 8-3848] Net Mem in module/entity Ins_Mem does not have driver. [D:/college/Computer_Lab/CPU/CPU/CPU.srcs/sources_1/new/Ins_Mem.v:7]
WARNING: [Synth 8-3848] Net Mem in module/entity Ins_Mem does not have driver. [D:/college/Computer_Lab/CPU/CPU/CPU.srcs/sources_1/new/Ins_Mem.v:7]
WARNING: [Synth 8-3848] Net Mem in module/entity Ins_Mem does not have driver. [D:/college/Computer_Lab/CPU/CPU/CPU.srcs/sources_1/new/Ins_Mem.v:7]
WARNING: [Synth 8-3848] Net Mem in module/entity Ins_Mem does not have driver. [D:/college/Computer_Lab/CPU/CPU/CPU.srcs/sources_1/new/Ins_Mem.v:7]
WARNING: [Synth 8-3848] Net Mem in module/entity Ins_Mem does not have driver. [D:/college/Computer_Lab/CPU/CPU/CPU.srcs/sources_1/new/Ins_Mem.v:7]
WARNING: [Synth 8-3848] Net Mem in module/entity Ins_Mem does not have driver. [D:/college/Computer_Lab/CPU/CPU/CPU.srcs/sources_1/new/Ins_Mem.v:7]
WARNING: [Synth 8-3848] Net Mem in module/entity Ins_Mem does not have driver. [D:/college/Computer_Lab/CPU/CPU/CPU.srcs/sources_1/new/Ins_Mem.v:7]
WARNING: [Synth 8-3848] Net Mem in module/entity Ins_Mem does not have driver. [D:/college/Computer_Lab/CPU/CPU/CPU.srcs/sources_1/new/Ins_Mem.v:7]
WARNING: [Synth 8-3848] Net Mem in module/entity Ins_Mem does not have driver. [D:/college/Computer_Lab/CPU/CPU/CPU.srcs/sources_1/new/Ins_Mem.v:7]
WARNING: [Synth 8-3848] Net Mem in module/entity Ins_Mem does not have driver. [D:/college/Computer_Lab/CPU/CPU/CPU.srcs/sources_1/new/Ins_Mem.v:7]
WARNING: [Synth 8-3848] Net Mem in module/entity Ins_Mem does not have driver. [D:/college/Computer_Lab/CPU/CPU/CPU.srcs/sources_1/new/Ins_Mem.v:7]
WARNING: [Synth 8-3848] Net Mem in module/entity Ins_Mem does not have driver. [D:/college/Computer_Lab/CPU/CPU/CPU.srcs/sources_1/new/Ins_Mem.v:7]
WARNING: [Synth 8-3848] Net Mem in module/entity Ins_Mem does not have driver. [D:/college/Computer_Lab/CPU/CPU/CPU.srcs/sources_1/new/Ins_Mem.v:7]
WARNING: [Synth 8-3848] Net Mem in module/entity Ins_Mem does not have driver. [D:/college/Computer_Lab/CPU/CPU/CPU.srcs/sources_1/new/Ins_Mem.v:7]
WARNING: [Synth 8-3848] Net Mem in module/entity Ins_Mem does not have driver. [D:/college/Computer_Lab/CPU/CPU/CPU.srcs/sources_1/new/Ins_Mem.v:7]
WARNING: [Synth 8-3848] Net Mem in module/entity Ins_Mem does not have driver. [D:/college/Computer_Lab/CPU/CPU/CPU.srcs/sources_1/new/Ins_Mem.v:7]
WARNING: [Synth 8-3848] Net Mem in module/entity Ins_Mem does not have driver. [D:/college/Computer_Lab/CPU/CPU/CPU.srcs/sources_1/new/Ins_Mem.v:7]
WARNING: [Synth 8-3848] Net Mem in module/entity Ins_Mem does not have driver. [D:/college/Computer_Lab/CPU/CPU/CPU.srcs/sources_1/new/Ins_Mem.v:7]
WARNING: [Synth 8-3848] Net Mem in module/entity Ins_Mem does not have driver. [D:/college/Computer_Lab/CPU/CPU/CPU.srcs/sources_1/new/Ins_Mem.v:7]
WARNING: [Synth 8-3848] Net Mem in module/entity Ins_Mem does not have driver. [D:/college/Computer_Lab/CPU/CPU/CPU.srcs/sources_1/new/Ins_Mem.v:7]
WARNING: [Synth 8-3848] Net Mem in module/entity Ins_Mem does not have driver. [D:/college/Computer_Lab/CPU/CPU/CPU.srcs/sources_1/new/Ins_Mem.v:7]
WARNING: [Synth 8-3848] Net Mem in module/entity Ins_Mem does not have driver. [D:/college/Computer_Lab/CPU/CPU/CPU.srcs/sources_1/new/Ins_Mem.v:7]
WARNING: [Synth 8-3848] Net Mem in module/entity Ins_Mem does not have driver. [D:/college/Computer_Lab/CPU/CPU/CPU.srcs/sources_1/new/Ins_Mem.v:7]
WARNING: [Synth 8-3848] Net Mem in module/entity Ins_Mem does not have driver. [D:/college/Computer_Lab/CPU/CPU/CPU.srcs/sources_1/new/Ins_Mem.v:7]
WARNING: [Synth 8-3848] Net Mem in module/entity Ins_Mem does not have driver. [D:/college/Computer_Lab/CPU/CPU/CPU.srcs/sources_1/new/Ins_Mem.v:7]
WARNING: [Synth 8-3848] Net Mem in module/entity Ins_Mem does not have driver. [D:/college/Computer_Lab/CPU/CPU/CPU.srcs/sources_1/new/Ins_Mem.v:7]
WARNING: [Synth 8-3848] Net Mem in module/entity Ins_Mem does not have driver. [D:/college/Computer_Lab/CPU/CPU/CPU.srcs/sources_1/new/Ins_Mem.v:7]
WARNING: [Synth 8-3848] Net Mem in module/entity Ins_Mem does not have driver. [D:/college/Computer_Lab/CPU/CPU/CPU.srcs/sources_1/new/Ins_Mem.v:7]
WARNING: [Synth 8-3848] Net Mem in module/entity Ins_Mem does not have driver. [D:/college/Computer_Lab/CPU/CPU/CPU.srcs/sources_1/new/Ins_Mem.v:7]
WARNING: [Synth 8-3848] Net Mem in module/entity Ins_Mem does not have driver. [D:/college/Computer_Lab/CPU/CPU/CPU.srcs/sources_1/new/Ins_Mem.v:7]
WARNING: [Synth 8-3848] Net Mem in module/entity Ins_Mem does not have driver. [D:/college/Computer_Lab/CPU/CPU/CPU.srcs/sources_1/new/Ins_Mem.v:7]
WARNING: [Synth 8-3848] Net Mem in module/entity Ins_Mem does not have driver. [D:/college/Computer_Lab/CPU/CPU/CPU.srcs/sources_1/new/Ins_Mem.v:7]
WARNING: [Synth 8-3848] Net Mem in module/entity Ins_Mem does not have driver. [D:/college/Computer_Lab/CPU/CPU/CPU.srcs/sources_1/new/Ins_Mem.v:7]
WARNING: [Synth 8-3848] Net Mem in module/entity Ins_Mem does not have driver. [D:/college/Computer_Lab/CPU/CPU/CPU.srcs/sources_1/new/Ins_Mem.v:7]
WARNING: [Synth 8-3848] Net Mem in module/entity Ins_Mem does not have driver. [D:/college/Computer_Lab/CPU/CPU/CPU.srcs/sources_1/new/Ins_Mem.v:7]
WARNING: [Synth 8-3848] Net Mem in module/entity Ins_Mem does not have driver. [D:/college/Computer_Lab/CPU/CPU/CPU.srcs/sources_1/new/Ins_Mem.v:7]
WARNING: [Synth 8-3848] Net Mem in module/entity Ins_Mem does not have driver. [D:/college/Computer_Lab/CPU/CPU/CPU.srcs/sources_1/new/Ins_Mem.v:7]
WARNING: [Synth 8-3848] Net Mem in module/entity Ins_Mem does not have driver. [D:/college/Computer_Lab/CPU/CPU/CPU.srcs/sources_1/new/Ins_Mem.v:7]
WARNING: [Synth 8-3848] Net Mem in module/entity Ins_Mem does not have driver. [D:/college/Computer_Lab/CPU/CPU/CPU.srcs/sources_1/new/Ins_Mem.v:7]
WARNING: [Synth 8-3848] Net Mem in module/entity Ins_Mem does not have driver. [D:/college/Computer_Lab/CPU/CPU/CPU.srcs/sources_1/new/Ins_Mem.v:7]
WARNING: [Synth 8-3848] Net Mem in module/entity Ins_Mem does not have driver. [D:/college/Computer_Lab/CPU/CPU/CPU.srcs/sources_1/new/Ins_Mem.v:7]
WARNING: [Synth 8-3848] Net Mem in module/entity Ins_Mem does not have driver. [D:/college/Computer_Lab/CPU/CPU/CPU.srcs/sources_1/new/Ins_Mem.v:7]
WARNING: [Synth 8-3848] Net Mem in module/entity Ins_Mem does not have driver. [D:/college/Computer_Lab/CPU/CPU/CPU.srcs/sources_1/new/Ins_Mem.v:7]
WARNING: [Synth 8-3848] Net Mem in module/entity Ins_Mem does not have driver. [D:/college/Computer_Lab/CPU/CPU/CPU.srcs/sources_1/new/Ins_Mem.v:7]
WARNING: [Synth 8-3848] Net Mem in module/entity Ins_Mem does not have driver. [D:/college/Computer_Lab/CPU/CPU/CPU.srcs/sources_1/new/Ins_Mem.v:7]
WARNING: [Synth 8-3848] Net Mem in module/entity Ins_Mem does not have driver. [D:/college/Computer_Lab/CPU/CPU/CPU.srcs/sources_1/new/Ins_Mem.v:7]
WARNING: [Synth 8-3848] Net Mem in module/entity Ins_Mem does not have driver. [D:/college/Computer_Lab/CPU/CPU/CPU.srcs/sources_1/new/Ins_Mem.v:7]
WARNING: [Synth 8-3848] Net Mem in module/entity Ins_Mem does not have driver. [D:/college/Computer_Lab/CPU/CPU/CPU.srcs/sources_1/new/Ins_Mem.v:7]
WARNING: [Synth 8-3848] Net Mem in module/entity Ins_Mem does not have driver. [D:/college/Computer_Lab/CPU/CPU/CPU.srcs/sources_1/new/Ins_Mem.v:7]
WARNING: [Synth 8-3848] Net Mem in module/entity Ins_Mem does not have driver. [D:/college/Computer_Lab/CPU/CPU/CPU.srcs/sources_1/new/Ins_Mem.v:7]
WARNING: [Synth 8-3848] Net Mem in module/entity Ins_Mem does not have driver. [D:/college/Computer_Lab/CPU/CPU/CPU.srcs/sources_1/new/Ins_Mem.v:7]
WARNING: [Synth 8-3848] Net Mem in module/entity Ins_Mem does not have driver. [D:/college/Computer_Lab/CPU/CPU/CPU.srcs/sources_1/new/Ins_Mem.v:7]
WARNING: [Synth 8-3848] Net Mem in module/entity Ins_Mem does not have driver. [D:/college/Computer_Lab/CPU/CPU/CPU.srcs/sources_1/new/Ins_Mem.v:7]
WARNING: [Synth 8-3848] Net Mem in module/entity Ins_Mem does not have driver. [D:/college/Computer_Lab/CPU/CPU/CPU.srcs/sources_1/new/Ins_Mem.v:7]
WARNING: [Synth 8-3848] Net Mem in module/entity Ins_Mem does not have driver. [D:/college/Computer_Lab/CPU/CPU/CPU.srcs/sources_1/new/Ins_Mem.v:7]
WARNING: [Synth 8-3848] Net Mem in module/entity Ins_Mem does not have driver. [D:/college/Computer_Lab/CPU/CPU/CPU.srcs/sources_1/new/Ins_Mem.v:7]
WARNING: [Synth 8-3848] Net Mem in module/entity Ins_Mem does not have driver. [D:/college/Computer_Lab/CPU/CPU/CPU.srcs/sources_1/new/Ins_Mem.v:7]
WARNING: [Synth 8-3848] Net Mem in module/entity Ins_Mem does not have driver. [D:/college/Computer_Lab/CPU/CPU/CPU.srcs/sources_1/new/Ins_Mem.v:7]
WARNING: [Synth 8-3848] Net Mem in module/entity Ins_Mem does not have driver. [D:/college/Computer_Lab/CPU/CPU/CPU.srcs/sources_1/new/Ins_Mem.v:7]
WARNING: [Synth 8-3848] Net Mem in module/entity Ins_Mem does not have driver. [D:/college/Computer_Lab/CPU/CPU/CPU.srcs/sources_1/new/Ins_Mem.v:7]
WARNING: [Synth 8-3848] Net Mem in module/entity Ins_Mem does not have driver. [D:/college/Computer_Lab/CPU/CPU/CPU.srcs/sources_1/new/Ins_Mem.v:7]
WARNING: [Synth 8-3848] Net Mem in module/entity Ins_Mem does not have driver. [D:/college/Computer_Lab/CPU/CPU/CPU.srcs/sources_1/new/Ins_Mem.v:7]
WARNING: [Synth 8-3848] Net Mem in module/entity Ins_Mem does not have driver. [D:/college/Computer_Lab/CPU/CPU/CPU.srcs/sources_1/new/Ins_Mem.v:7]
WARNING: [Synth 8-3848] Net Mem in module/entity Ins_Mem does not have driver. [D:/college/Computer_Lab/CPU/CPU/CPU.srcs/sources_1/new/Ins_Mem.v:7]
WARNING: [Synth 8-3848] Net Mem in module/entity Ins_Mem does not have driver. [D:/college/Computer_Lab/CPU/CPU/CPU.srcs/sources_1/new/Ins_Mem.v:7]
WARNING: [Synth 8-3848] Net Mem in module/entity Ins_Mem does not have driver. [D:/college/Computer_Lab/CPU/CPU/CPU.srcs/sources_1/new/Ins_Mem.v:7]
WARNING: [Synth 8-3848] Net Mem in module/entity Ins_Mem does not have driver. [D:/college/Computer_Lab/CPU/CPU/CPU.srcs/sources_1/new/Ins_Mem.v:7]
WARNING: [Synth 8-3848] Net Mem in module/entity Ins_Mem does not have driver. [D:/college/Computer_Lab/CPU/CPU/CPU.srcs/sources_1/new/Ins_Mem.v:7]
WARNING: [Synth 8-3848] Net Mem in module/entity Ins_Mem does not have driver. [D:/college/Computer_Lab/CPU/CPU/CPU.srcs/sources_1/new/Ins_Mem.v:7]
WARNING: [Synth 8-3848] Net Mem in module/entity Ins_Mem does not have driver. [D:/college/Computer_Lab/CPU/CPU/CPU.srcs/sources_1/new/Ins_Mem.v:7]
WARNING: [Synth 8-3848] Net Mem in module/entity Ins_Mem does not have driver. [D:/college/Computer_Lab/CPU/CPU/CPU.srcs/sources_1/new/Ins_Mem.v:7]
WARNING: [Synth 8-3848] Net Mem in module/entity Ins_Mem does not have driver. [D:/college/Computer_Lab/CPU/CPU/CPU.srcs/sources_1/new/Ins_Mem.v:7]
WARNING: [Synth 8-3848] Net Mem in module/entity Ins_Mem does not have driver. [D:/college/Computer_Lab/CPU/CPU/CPU.srcs/sources_1/new/Ins_Mem.v:7]
WARNING: [Synth 8-3848] Net Mem in module/entity Ins_Mem does not have driver. [D:/college/Computer_Lab/CPU/CPU/CPU.srcs/sources_1/new/Ins_Mem.v:7]
WARNING: [Synth 8-3848] Net Mem in module/entity Ins_Mem does not have driver. [D:/college/Computer_Lab/CPU/CPU/CPU.srcs/sources_1/new/Ins_Mem.v:7]
WARNING: [Synth 8-3848] Net Mem in module/entity Ins_Mem does not have driver. [D:/college/Computer_Lab/CPU/CPU/CPU.srcs/sources_1/new/Ins_Mem.v:7]
WARNING: [Synth 8-3848] Net Mem in module/entity Ins_Mem does not have driver. [D:/college/Computer_Lab/CPU/CPU/CPU.srcs/sources_1/new/Ins_Mem.v:7]
WARNING: [Synth 8-3848] Net Mem in module/entity Ins_Mem does not have driver. [D:/college/Computer_Lab/CPU/CPU/CPU.srcs/sources_1/new/Ins_Mem.v:7]
WARNING: [Synth 8-3848] Net Mem in module/entity Ins_Mem does not have driver. [D:/college/Computer_Lab/CPU/CPU/CPU.srcs/sources_1/new/Ins_Mem.v:7]
WARNING: [Synth 8-3848] Net Mem in module/entity Ins_Mem does not have driver. [D:/college/Computer_Lab/CPU/CPU/CPU.srcs/sources_1/new/Ins_Mem.v:7]
WARNING: [Synth 8-3848] Net Mem in module/entity Ins_Mem does not have driver. [D:/college/Computer_Lab/CPU/CPU/CPU.srcs/sources_1/new/Ins_Mem.v:7]
WARNING: [Synth 8-3848] Net Mem in module/entity Ins_Mem does not have driver. [D:/college/Computer_Lab/CPU/CPU/CPU.srcs/sources_1/new/Ins_Mem.v:7]
WARNING: [Synth 8-3848] Net Mem in module/entity Ins_Mem does not have driver. [D:/college/Computer_Lab/CPU/CPU/CPU.srcs/sources_1/new/Ins_Mem.v:7]
WARNING: [Synth 8-3848] Net Mem in module/entity Ins_Mem does not have driver. [D:/college/Computer_Lab/CPU/CPU/CPU.srcs/sources_1/new/Ins_Mem.v:7]
WARNING: [Synth 8-3848] Net Mem in module/entity Ins_Mem does not have driver. [D:/college/Computer_Lab/CPU/CPU/CPU.srcs/sources_1/new/Ins_Mem.v:7]
WARNING: [Synth 8-3848] Net Mem in module/entity Ins_Mem does not have driver. [D:/college/Computer_Lab/CPU/CPU/CPU.srcs/sources_1/new/Ins_Mem.v:7]
WARNING: [Synth 8-3848] Net Mem in module/entity Ins_Mem does not have driver. [D:/college/Computer_Lab/CPU/CPU/CPU.srcs/sources_1/new/Ins_Mem.v:7]
WARNING: [Synth 8-3848] Net Mem in module/entity Ins_Mem does not have driver. [D:/college/Computer_Lab/CPU/CPU/CPU.srcs/sources_1/new/Ins_Mem.v:7]
WARNING: [Synth 8-3848] Net Mem in module/entity Ins_Mem does not have driver. [D:/college/Computer_Lab/CPU/CPU/CPU.srcs/sources_1/new/Ins_Mem.v:7]
WARNING: [Synth 8-3848] Net Mem in module/entity Ins_Mem does not have driver. [D:/college/Computer_Lab/CPU/CPU/CPU.srcs/sources_1/new/Ins_Mem.v:7]
WARNING: [Synth 8-3848] Net Mem in module/entity Ins_Mem does not have driver. [D:/college/Computer_Lab/CPU/CPU/CPU.srcs/sources_1/new/Ins_Mem.v:7]
WARNING: [Synth 8-3848] Net Mem in module/entity Ins_Mem does not have driver. [D:/college/Computer_Lab/CPU/CPU/CPU.srcs/sources_1/new/Ins_Mem.v:7]
WARNING: [Synth 8-3848] Net Mem in module/entity Ins_Mem does not have driver. [D:/college/Computer_Lab/CPU/CPU/CPU.srcs/sources_1/new/Ins_Mem.v:7]
WARNING: [Synth 8-3848] Net Mem in module/entity Ins_Mem does not have driver. [D:/college/Computer_Lab/CPU/CPU/CPU.srcs/sources_1/new/Ins_Mem.v:7]
WARNING: [Synth 8-3848] Net Mem in module/entity Ins_Mem does not have driver. [D:/college/Computer_Lab/CPU/CPU/CPU.srcs/sources_1/new/Ins_Mem.v:7]
WARNING: [Synth 8-3848] Net Mem in module/entity Ins_Mem does not have driver. [D:/college/Computer_Lab/CPU/CPU/CPU.srcs/sources_1/new/Ins_Mem.v:7]
INFO: [Common 17-14] Message 'Synth 8-3848' appears 100 times and further instances of the messages will be disabled. Use the Tcl command set_msg_config to change the current settings.
INFO: [Synth 8-256] done synthesizing module 'Ins_Mem' (1#1) [D:/college/Computer_Lab/CPU/CPU/CPU.srcs/sources_1/new/Ins_Mem.v:2]
---------------------------------------------------------------------------------
Finished Synthesize : Time (s): cpu = 00:00:02 ; elapsed = 00:00:04 . Memory (MB): peak = 395.727 ; gain = 152.559
---------------------------------------------------------------------------------
---------------------------------------------------------------------------------
Finished Constraint Validation : Time (s): cpu = 00:00:02 ; elapsed = 00:00:04 . Memory (MB): peak = 395.727 ; gain = 152.559
---------------------------------------------------------------------------------
---------------------------------------------------------------------------------
Start Loading Part and Timing Information
---------------------------------------------------------------------------------
Loading part: xc7a35tcpg236-1
INFO: [Device 21-403] Loading part xc7a35tcpg236-1
---------------------------------------------------------------------------------
Finished Loading Part and Timing Information : Time (s): cpu = 00:00:02 ; elapsed = 00:00:04 . Memory (MB): peak = 395.727 ; gain = 152.559
---------------------------------------------------------------------------------
WARNING: [Synth 8-327] inferring latch for variable 'Ins_reg' [D:/college/Computer_Lab/CPU/CPU/CPU.srcs/sources_1/new/Ins_Mem.v:13]
---------------------------------------------------------------------------------
Finished RTL Optimization Phase 2 : Time (s): cpu = 00:00:02 ; elapsed = 00:00:04 . Memory (MB): peak = 395.727 ; gain = 152.559
---------------------------------------------------------------------------------

Report RTL Partitions: 
+-+--------------+------------+----------+
| |RTL Partition |Replication |Instances |
+-+--------------+------------+----------+
+-+--------------+------------+----------+
No constraint files found.
---------------------------------------------------------------------------------
Start RTL Component Statistics 
---------------------------------------------------------------------------------
Detailed RTL Component Info : 
---------------------------------------------------------------------------------
Finished RTL Component Statistics 
---------------------------------------------------------------------------------
---------------------------------------------------------------------------------
Start RTL Hierarchical Component Statistics 
---------------------------------------------------------------------------------
Hierarchical RTL Component report 
---------------------------------------------------------------------------------
Finished RTL Hierarchical Component Statistics
---------------------------------------------------------------------------------
---------------------------------------------------------------------------------
Start Part Resource Summary
---------------------------------------------------------------------------------
Part Resources:
DSPs: 90 (col length:60)
BRAMs: 100 (col length: RAMB18 60 RAMB36 30)
---------------------------------------------------------------------------------
Finished Part Resource Summary
---------------------------------------------------------------------------------
No constraint files found.
---------------------------------------------------------------------------------
Start Cross Boundary and Area Optimization
---------------------------------------------------------------------------------
WARNING: [Synth 8-3331] design Ins_Mem has unconnected port R_addr[31]
WARNING: [Synth 8-3331] design Ins_Mem has unconnected port R_addr[30]
WARNING: [Synth 8-3331] design Ins_Mem has unconnected port R_addr[29]
WARNING: [Synth 8-3331] design Ins_Mem has unconnected port R_addr[28]
WARNING: [Synth 8-3331] design Ins_Mem has unconnected port R_addr[27]
WARNING: [Synth 8-3331] design Ins_Mem has unconnected port R_addr[26]
WARNING: [Synth 8-3331] design Ins_Mem has unconnected port R_addr[25]
WARNING: [Synth 8-3331] design Ins_Mem has unconnected port R_addr[24]
WARNING: [Synth 8-3331] design Ins_Mem has unconnected port R_addr[23]
WARNING: [Synth 8-3331] design Ins_Mem has unconnected port R_addr[22]
WARNING: [Synth 8-3331] design Ins_Mem has unconnected port R_addr[21]
WARNING: [Synth 8-3331] design Ins_Mem has unconnected port R_addr[20]
WARNING: [Synth 8-3331] design Ins_Mem has unconnected port R_addr[19]
WARNING: [Synth 8-3331] design Ins_Mem has unconnected port R_addr[18]
WARNING: [Synth 8-3331] design Ins_Mem has unconnected port R_addr[17]
WARNING: [Synth 8-3331] design Ins_Mem has unconnected port R_addr[16]
WARNING: [Synth 8-3331] design Ins_Mem has unconnected port R_addr[15]
WARNING: [Synth 8-3331] design Ins_Mem has unconnected port R_addr[14]
WARNING: [Synth 8-3331] design Ins_Mem has unconnected port R_addr[13]
WARNING: [Synth 8-3331] design Ins_Mem has unconnected port R_addr[12]
WARNING: [Synth 8-3331] design Ins_Mem has unconnected port R_addr[11]
WARNING: [Synth 8-3331] design Ins_Mem has unconnected port R_addr[10]
WARNING: [Synth 8-3331] design Ins_Mem has unconnected port R_addr[9]
WARNING: [Synth 8-3331] design Ins_Mem has unconnected port R_addr[8]
INFO: [Synth 8-3886] merging instance 'Ins_reg[0]' (LD) to 'Ins_reg[31]'
INFO: [Synth 8-3886] merging instance 'Ins_reg[1]' (LD) to 'Ins_reg[31]'
INFO: [Synth 8-3886] merging instance 'Ins_reg[2]' (LD) to 'Ins_reg[31]'
INFO: [Synth 8-3886] merging instance 'Ins_reg[3]' (LD) to 'Ins_reg[31]'
INFO: [Synth 8-3886] merging instance 'Ins_reg[4]' (LD) to 'Ins_reg[31]'
INFO: [Synth 8-3886] merging instance 'Ins_reg[5]' (LD) to 'Ins_reg[31]'
INFO: [Synth 8-3886] merging instance 'Ins_reg[6]' (LD) to 'Ins_reg[31]'
INFO: [Synth 8-3886] merging instance 'Ins_reg[7]' (LD) to 'Ins_reg[31]'
INFO: [Synth 8-3886] merging instance 'Ins_reg[8]' (LD) to 'Ins_reg[31]'
INFO: [Synth 8-3886] merging instance 'Ins_reg[9]' (LD) to 'Ins_reg[31]'
INFO: [Synth 8-3886] merging instance 'Ins_reg[10]' (LD) to 'Ins_reg[31]'
INFO: [Synth 8-3886] merging instance 'Ins_reg[11]' (LD) to 'Ins_reg[31]'
INFO: [Synth 8-3886] merging instance 'Ins_reg[12]' (LD) to 'Ins_reg[31]'
INFO: [Synth 8-3886] merging instance 'Ins_reg[13]' (LD) to 'Ins_reg[31]'
INFO: [Synth 8-3886] merging instance 'Ins_reg[14]' (LD) to 'Ins_reg[31]'
INFO: [Synth 8-3886] merging instance 'Ins_reg[15]' (LD) to 'Ins_reg[31]'
INFO: [Synth 8-3886] merging instance 'Ins_reg[16]' (LD) to 'Ins_reg[31]'
INFO: [Synth 8-3886] merging instance 'Ins_reg[17]' (LD) to 'Ins_reg[31]'
INFO: [Synth 8-3886] merging instance 'Ins_reg[18]' (LD) to 'Ins_reg[31]'
INFO: [Synth 8-3886] merging instance 'Ins_reg[19]' (LD) to 'Ins_reg[31]'
INFO: [Synth 8-3886] merging instance 'Ins_reg[20]' (LD) to 'Ins_reg[31]'
INFO: [Synth 8-3886] merging instance 'Ins_reg[21]' (LD) to 'Ins_reg[31]'
INFO: [Synth 8-3886] merging instance 'Ins_reg[22]' (LD) to 'Ins_reg[31]'
INFO: [Synth 8-3886] merging instance 'Ins_reg[23]' (LD) to 'Ins_reg[31]'
INFO: [Synth 8-3886] merging instance 'Ins_reg[24]' (LD) to 'Ins_reg[31]'
INFO: [Synth 8-3886] merging instance 'Ins_reg[25]' (LD) to 'Ins_reg[31]'
INFO: [Synth 8-3886] merging instance 'Ins_reg[26]' (LD) to 'Ins_reg[31]'
INFO: [Synth 8-3886] merging instance 'Ins_reg[27]' (LD) to 'Ins_reg[31]'
INFO: [Synth 8-3886] merging instance 'Ins_reg[28]' (LD) to 'Ins_reg[31]'
INFO: [Synth 8-3886] merging instance 'Ins_reg[29]' (LD) to 'Ins_reg[31]'
INFO: [Synth 8-3886] merging instance 'Ins_reg[30]' (LD) to 'Ins_reg[31]'
INFO: [Synth 8-3333] propagating constant 0 across sequential element (\Ins_reg[31] )
WARNING: [Synth 8-3332] Sequential element (Ins_reg[31]) is unused and will be removed from module Ins_Mem.
---------------------------------------------------------------------------------
Finished Cross Boundary and Area Optimization : Time (s): cpu = 00:00:03 ; elapsed = 00:00:07 . Memory (MB): peak = 534.836 ; gain = 291.668
---------------------------------------------------------------------------------

Report RTL Partitions: 
+-+--------------+------------+----------+
| |RTL Partition |Replication |Instances |
+-+--------------+------------+----------+
+-+--------------+------------+----------+
No constraint files found.
---------------------------------------------------------------------------------
Start Timing Optimization
---------------------------------------------------------------------------------
---------------------------------------------------------------------------------
Finished Timing Optimization : Time (s): cpu = 00:00:03 ; elapsed = 00:00:07 . Memory (MB): peak = 534.836 ; gain = 291.668
---------------------------------------------------------------------------------

Report RTL Partitions: 
+-+--------------+------------+----------+
| |RTL Partition |Replication |Instances |
+-+--------------+------------+----------+
+-+--------------+------------+----------+
---------------------------------------------------------------------------------
Start Technology Mapping
---------------------------------------------------------------------------------
---------------------------------------------------------------------------------
Finished Technology Mapping : Time (s): cpu = 00:00:03 ; elapsed = 00:00:07 . Memory (MB): peak = 534.879 ; gain = 291.711
---------------------------------------------------------------------------------

Report RTL Partitions: 
+-+--------------+------------+----------+
| |RTL Partition |Replication |Instances |
+-+--------------+------------+----------+
+-+--------------+------------+----------+
---------------------------------------------------------------------------------
Start IO Insertion
---------------------------------------------------------------------------------
---------------------------------------------------------------------------------
Start Flattening Before IO Insertion
---------------------------------------------------------------------------------
---------------------------------------------------------------------------------
Finished Flattening Before IO Insertion
---------------------------------------------------------------------------------
---------------------------------------------------------------------------------
Start Final Netlist Cleanup
---------------------------------------------------------------------------------
---------------------------------------------------------------------------------
Finished Final Netlist Cleanup
---------------------------------------------------------------------------------
---------------------------------------------------------------------------------
Finished IO Insertion : Time (s): cpu = 00:00:04 ; elapsed = 00:00:08 . Memory (MB): peak = 534.879 ; gain = 291.711
---------------------------------------------------------------------------------

Report Check Netlist: 
+------+------------------+-------+---------+-------+------------------+
|      |Item              |Errors |Warnings |Status |Description       |
+------+------------------+-------+---------+-------+------------------+
|1     |multi_driven_nets |      0|        0|Passed |Multi driven nets |
+------+------------------+-------+---------+-------+------------------+
---------------------------------------------------------------------------------
Start Renaming Generated Instances
---------------------------------------------------------------------------------
---------------------------------------------------------------------------------
Finished Renaming Generated Instances : Time (s): cpu = 00:00:04 ; elapsed = 00:00:08 . Memory (MB): peak = 534.879 ; gain = 291.711
---------------------------------------------------------------------------------

Report RTL Partitions: 
+-+--------------+------------+----------+
| |RTL Partition |Replication |Instances |
+-+--------------+------------+----------+
+-+--------------+------------+----------+
---------------------------------------------------------------------------------
Start Rebuilding User Hierarchy
---------------------------------------------------------------------------------
---------------------------------------------------------------------------------
Finished Rebuilding User Hierarchy : Time (s): cpu = 00:00:04 ; elapsed = 00:00:08 . Memory (MB): peak = 534.879 ; gain = 291.711
---------------------------------------------------------------------------------
---------------------------------------------------------------------------------
Start Renaming Generated Ports
---------------------------------------------------------------------------------
---------------------------------------------------------------------------------
Finished Renaming Generated Ports : Time (s): cpu = 00:00:04 ; elapsed = 00:00:08 . Memory (MB): peak = 534.879 ; gain = 291.711
---------------------------------------------------------------------------------
---------------------------------------------------------------------------------
Start Handling Custom Attributes
---------------------------------------------------------------------------------
---------------------------------------------------------------------------------
Finished Handling Custom Attributes : Time (s): cpu = 00:00:04 ; elapsed = 00:00:08 . Memory (MB): peak = 534.879 ; gain = 291.711
---------------------------------------------------------------------------------
---------------------------------------------------------------------------------
Start Renaming Generated Nets
---------------------------------------------------------------------------------
---------------------------------------------------------------------------------
Finished Renaming Generated Nets : Time (s): cpu = 00:00:04 ; elapsed = 00:00:08 . Memory (MB): peak = 534.879 ; gain = 291.711
---------------------------------------------------------------------------------
---------------------------------------------------------------------------------
Start Writing Synthesis Report
---------------------------------------------------------------------------------

Report BlackBoxes: 
+-+--------------+----------+
| |BlackBox name |Instances |
+-+--------------+----------+
+-+--------------+----------+

Report Cell Usage: 
+------+-----+------+
|      |Cell |Count |
+------+-----+------+
|1     |OBUF |    32|
+------+-----+------+

Report Instance Areas: 
+------+---------+-------+------+
|      |Instance |Module |Cells |
+------+---------+-------+------+
|1     |top      |       |    32|
+------+---------+-------+------+
---------------------------------------------------------------------------------
Finished Writing Synthesis Report : Time (s): cpu = 00:00:04 ; elapsed = 00:00:08 . Memory (MB): peak = 534.879 ; gain = 291.711
---------------------------------------------------------------------------------
Synthesis finished with 0 errors, 0 critical warnings and 282 warnings.
Synthesis Optimization Runtime : Time (s): cpu = 00:00:04 ; elapsed = 00:00:08 . Memory (MB): peak = 534.879 ; gain = 291.711
Synthesis Optimization Complete : Time (s): cpu = 00:00:04 ; elapsed = 00:00:08 . Memory (MB): peak = 534.879 ; gain = 291.711
INFO: [Project 1-571] Translating synthesized netlist
INFO: [Project 1-570] Preparing netlist for logic optimization
INFO: [Opt 31-138] Pushed 0 inverter(s) to 0 load pin(s).
INFO: [Project 1-111] Unisim Transformation Summary:
No Unisim elements were transformed.

INFO: [Common 17-83] Releasing license: Synthesis
42 Infos, 126 Warnings, 0 Critical Warnings and 0 Errors encountered.
synth_design completed successfully
synth_design: Time (s): cpu = 00:00:05 ; elapsed = 00:00:11 . Memory (MB): peak = 625.637 ; gain = 395.617
INFO: [Common 17-1381] The checkpoint 'D:/college/Computer_Lab/CPU/CPU/CPU.runs/synth_1/Ins_Mem.dcp' has been generated.
INFO: [runtcl-4] Executing : report_utilization -file Ins_Mem_utilization_synth.rpt -pb Ins_Mem_utilization_synth.pb
report_utilization: Time (s): cpu = 00:00:00 ; elapsed = 00:00:00.009 . Memory (MB): peak = 625.637 ; gain = 0.000
INFO: [Common 17-206] Exiting Vivado at Tue Nov 12 16:35:22 2024...
