Copyright 1986-2017 Xilinx, Inc. All Rights Reserved.
----------------------------------------------------------------------------------------------------------------------------------------
| Tool Version     : Vivado v.2017.4 (win64) Build 2086221 Fri Dec 15 20:55:39 MST 2017
| Date             : Sun Dec  1 20:12:05 2024
| Host             : David running 64-bit major release  (build 9200)
| Command          : report_power -file basys3_power_routed.rpt -pb basys3_power_summary_routed.pb -rpx basys3_power_routed.rpx
| Design           : basys3
| Device           : xc7a35tcpg236-1
| Design State     : routed
| Grade            : commercial
| Process          : typical
| Characterization : Production
----------------------------------------------------------------------------------------------------------------------------------------

Power Report

Table of Contents
-----------------
1. Summary
1.1 On-Chip Components
1.2 Power Supply Summary
1.3 Confidence Level
2. Settings
2.1 Environment
2.2 Clock Constraints
3. Detailed Reports
3.1 By Hierarchy

1. Summary
----------

+--------------------------+-----------------------------------+
| Total On-Chip Power (W)  | 145.153 (Junction temp exceeded!) |
| Design Power Budget (W)  | Unspecified*                      |
| Power Budget Margin (W)  | NA                                |
| Dynamic (W)              | 144.666                           |
| Device Static (W)        | 0.486                             |
| Effective TJA (C/W)      | 5.0                               |
| Max Ambient (C)          | 0.0                               |
| Junction Temperature (C) | 125.0                             |
| Confidence Level         | Low                               |
| Setting File             | ---                               |
| Simulation Activity File | ---                               |
| Design Nets Matched      | NA                                |
+--------------------------+-----------------------------------+
* Specify Design Power Budget using, set_operating_conditions -design_power_budget <value in Watts>


1.1 On-Chip Components
----------------------

+--------------------------+-----------+----------+-----------+-----------------+
| On-Chip                  | Power (W) | Used     | Available | Utilization (%) |
+--------------------------+-----------+----------+-----------+-----------------+
| Slice Logic              |    54.120 |     7982 |       --- |             --- |
|   LUT as Logic           |    49.400 |     3774 |     20800 |           18.14 |
|   F7/F8 Muxes            |     3.713 |     1666 |     32600 |            5.11 |
|   LUT as Distributed RAM |     0.780 |       48 |      9600 |            0.50 |
|   CARRY4                 |     0.195 |       38 |      8150 |            0.47 |
|   Register               |     0.025 |     2150 |     41600 |            5.17 |
|   BUFG                   |     0.007 |        3 |        32 |            9.38 |
|   Others                 |     0.000 |       16 |       --- |             --- |
| Signals                  |    83.601 |     3970 |       --- |             --- |
| Block RAM                |    <0.001 |      0.5 |        50 |            1.00 |
| I/O                      |     6.944 |       17 |       106 |           16.04 |
| Static Power             |     0.486 |          |           |                 |
| Total                    |   145.153 |          |           |                 |
+--------------------------+-----------+----------+-----------+-----------------+


1.2 Power Supply Summary
------------------------

+-----------+-------------+-----------+-------------+------------+
| Source    | Voltage (V) | Total (A) | Dynamic (A) | Static (A) |
+-----------+-------------+-----------+-------------+------------+
| Vccint    |       1.000 |   138.075 |     137.734 |      0.341 |
| Vccaux    |       1.800 |     0.307 |       0.254 |      0.053 |
| Vcco33    |       3.300 |     1.963 |       1.962 |      0.001 |
| Vcco25    |       2.500 |     0.000 |       0.000 |      0.000 |
| Vcco18    |       1.800 |     0.000 |       0.000 |      0.000 |
| Vcco15    |       1.500 |     0.000 |       0.000 |      0.000 |
| Vcco135   |       1.350 |     0.000 |       0.000 |      0.000 |
| Vcco12    |       1.200 |     0.000 |       0.000 |      0.000 |
| Vccaux_io |       1.800 |     0.000 |       0.000 |      0.000 |
| Vccbram   |       1.000 |     0.010 |       0.000 |      0.010 |
| MGTAVcc   |       1.000 |     0.000 |       0.000 |      0.000 |
| MGTAVtt   |       1.200 |     0.000 |       0.000 |      0.000 |
| Vccadc    |       1.800 |     0.020 |       0.000 |      0.020 |
+-----------+-------------+-----------+-------------+------------+


1.3 Confidence Level
--------------------

+-----------------------------+------------+--------------------------------------------------------+--------------------------------------------------------------------------------------------------------------------+
| User Input Data             | Confidence | Details                                                | Action                                                                                                             |
+-----------------------------+------------+--------------------------------------------------------+--------------------------------------------------------------------------------------------------------------------+
| Design implementation state | High       | Design is routed                                       |                                                                                                                    |
| Clock nodes activity        | Low        | User specified less than 75% of clocks                 | Provide missing clock activity with a constraint file, simulation results or by editing the "By Clock Domain" view |
| I/O nodes activity          | Low        | More than 75% of inputs are missing user specification | Provide missing input activity with simulation results or by editing the "By Resource Type -> I/Os" view           |
| Internal nodes activity     | Medium     | User specified less than 25% of internal nodes         | Provide missing internal nodes activity with simulation results or by editing the "By Resource Type" views         |
| Device models               | High       | Device models are Production                           |                                                                                                                    |
|                             |            |                                                        |                                                                                                                    |
| Overall confidence level    | Low        |                                                        |                                                                                                                    |
+-----------------------------+------------+--------------------------------------------------------+--------------------------------------------------------------------------------------------------------------------+


2. Settings
-----------

2.1 Environment
---------------

+-----------------------+--------------------------+
| Ambient Temp (C)      | 25.0                     |
| ThetaJA (C/W)         | 5.0                      |
| Airflow (LFM)         | 250                      |
| Heat Sink             | medium (Medium Profile)  |
| ThetaSA (C/W)         | 4.6                      |
| Board Selection       | medium (10"x10")         |
| # of Board Layers     | 12to15 (12 to 15 Layers) |
| Board Temperature (C) | 25.0                     |
+-----------------------+--------------------------+


2.2 Clock Constraints
---------------------

+-------+--------+-----------------+
| Clock | Domain | Constraint (ns) |
+-------+--------+-----------------+


3. Detailed Reports
-------------------

3.1 By Hierarchy
----------------

+-----------------------------------+-----------+
| Name                              | Power (W) |
+-----------------------------------+-----------+
| basys3                            |   144.666 |
|   my                              |     0.172 |
|   mybutton                        |     0.095 |
|   mycpu                           |   137.350 |
|     myALU                         |     0.885 |
|     myData                        |    41.028 |
|     myPC                          |    73.770 |
|     myReg                         |    21.584 |
|       registers_reg_r1_0_31_0_5   |     0.135 |
|       registers_reg_r1_0_31_12_17 |     0.182 |
|       registers_reg_r1_0_31_18_23 |     0.166 |
|       registers_reg_r1_0_31_24_29 |     0.171 |
|       registers_reg_r1_0_31_30_31 |     0.065 |
|       registers_reg_r1_0_31_6_11  |     0.200 |
|       registers_reg_r2_0_31_0_5   |     0.655 |
|       registers_reg_r2_0_31_12_17 |     0.545 |
|       registers_reg_r2_0_31_18_23 |     0.531 |
|       registers_reg_r2_0_31_24_29 |     1.961 |
|       registers_reg_r2_0_31_30_31 |     0.683 |
|       registers_reg_r2_0_31_6_11  |     0.582 |
|   myseg                           |     0.056 |
+-----------------------------------+-----------+


