INFO: [VRFC 10-2263] Analyzing Verilog file "D:/college/Computer_Lab/Multi_CPU/CPU_basys3/CPU_basys3/CPU_basys3.srcs/sources_1/new/ALU.v" into library xil_defaultlib
INFO: [VRFC 10-311] analyzing module ALU
INFO: [VRFC 10-2263] Analyzing Verilog file "D:/college/Computer_Lab/Multi_CPU/CPU_basys3/CPU_basys3/CPU_basys3.srcs/sources_1/new/CPU.v" into library xil_defaultlib
INFO: [VRFC 10-311] analyzing module CPU
INFO: [VRFC 10-2263] Analyzing Verilog file "D:/college/Computer_Lab/Multi_CPU/CPU_basys3/CPU_basys3/CPU_basys3.srcs/sources_1/new/Control.v" into library xil_defaultlib
INFO: [VRFC 10-311] analyzing module Control
INFO: [VRFC 10-2263] Analyzing Verilog file "D:/college/Computer_Lab/Multi_CPU/CPU_basys3/CPU_basys3/CPU_basys3.srcs/sources_1/new/Data_Mem.v" into library xil_defaultlib
INFO: [VRFC 10-311] analyzing module Data_mem
INFO: [VRFC 10-2263] Analyzing Verilog file "D:/college/Computer_Lab/Multi_CPU/CPU_basys3/CPU_basys3/CPU_basys3.srcs/sources_1/new/Ext_16_to_32.v" into library xil_defaultlib
INFO: [VRFC 10-311] analyzing module Ext_16_to_32
INFO: [VRFC 10-2263] Analyzing Verilog file "D:/college/Computer_Lab/Multi_CPU/CPU_basys3/CPU_basys3/CPU_basys3.srcs/sources_1/new/Ins_Mem.v" into library xil_defaultlib
INFO: [VRFC 10-311] analyzing module Ins_Mem
INFO: [VRFC 10-2263] Analyzing Verilog file "D:/college/Computer_Lab/Multi_CPU/CPU_basys3/CPU_basys3/CPU_basys3.srcs/sources_1/new/Mul_2_32.v" into library xil_defaultlib
INFO: [VRFC 10-311] analyzing module Mul_2_32
INFO: [VRFC 10-2263] Analyzing Verilog file "D:/college/Computer_Lab/Multi_CPU/CPU_basys3/CPU_basys3/CPU_basys3.srcs/sources_1/new/Mul_3_5.v" into library xil_defaultlib
INFO: [VRFC 10-311] analyzing module Mul_3_5
INFO: [VRFC 10-2263] Analyzing Verilog file "D:/college/Computer_Lab/Multi_CPU/CPU_basys3/CPU_basys3/CPU_basys3.srcs/sources_1/new/Mux_4_32.v" into library xil_defaultlib
INFO: [VRFC 10-311] analyzing module Mux_4_32
INFO: [VRFC 10-2263] Analyzing Verilog file "D:/college/Computer_Lab/Multi_CPU/CPU_basys3/CPU_basys3/CPU_basys3.srcs/sources_1/new/PC.v" into library xil_defaultlib
INFO: [VRFC 10-311] analyzing module PC
INFO: [VRFC 10-2263] Analyzing Verilog file "D:/college/Computer_Lab/Multi_CPU/CPU_basys3/CPU_basys3/CPU_basys3.srcs/sources_1/new/Reg_file.v" into library xil_defaultlib
INFO: [VRFC 10-311] analyzing module Reg_file
INFO: [VRFC 10-2263] Analyzing Verilog file "D:/college/Computer_Lab/Multi_CPU/CPU_basys3/CPU_basys3/CPU_basys3.srcs/sources_1/new/Tem_Reg.v" into library xil_defaultlib
INFO: [VRFC 10-311] analyzing module Tem_Reg
INFO: [VRFC 10-2263] Analyzing Verilog file "D:/college/Computer_Lab/Multi_CPU/CPU_basys3/CPU_basys3/CPU_basys3.srcs/sources_1/new/button_debounce.v" into library xil_defaultlib
INFO: [VRFC 10-311] analyzing module button_debounce
INFO: [VRFC 10-2263] Analyzing Verilog file "D:/college/Computer_Lab/Multi_CPU/CPU_basys3/CPU_basys3/CPU_basys3.srcs/sources_1/new/display_7seg.v" into library xil_defaultlib
INFO: [VRFC 10-311] analyzing module display_7seg
INFO: [VRFC 10-2263] Analyzing Verilog file "D:/college/Computer_Lab/Multi_CPU/CPU_basys3/CPU_basys3/CPU_basys3.srcs/sources_1/new/frequency_divider.v" into library xil_defaultlib
INFO: [VRFC 10-311] analyzing module frequency_divider
INFO: [VRFC 10-2263] Analyzing Verilog file "D:/college/Computer_Lab/Multi_CPU/CPU_basys3/CPU_basys3/CPU_basys3.srcs/sources_1/new/CPU_basys3.v" into library xil_defaultlib
INFO: [VRFC 10-311] analyzing module basys3
INFO: [VRFC 10-2263] Analyzing Verilog file "D:/college/Computer_Lab/Multi_CPU/CPU_basys3/CPU_basys3/CPU_basys3.sim/sim_1/behav/xsim/glbl.v" into library xil_defaultlib
INFO: [VRFC 10-311] analyzing module glbl
